Atom a:
<ATOM ID='1' NAME='CA' RESID='1' RESNAME='   ' COORDS='(1,2,3)' ALTLOC=' ' CHAINID=' ' ICODE='' SEGID='    ' B='0' Q='0' CHARGE='0' MASS='1' ATOMICNUMBER='-1'>
  <BOND>2</BOND>
  <BOND>3</BOND>
</ATOM>
<GROUP>
   <ATOM ID='1' NAME='CA' RESID='1' RESNAME='   ' COORDS='(1,2,3)' ALTLOC=' ' CHAINID=' ' ICODE='' SEGID='    ' B='0' Q='0' CHARGE='0' MASS='1' ATOMICNUMBER='-1'>
  <BOND>2</BOND>
  <BOND>3</BOND>
</ATOM>
   <ATOM ID='2' NAME='CB' RESID='1' RESNAME='   ' COORDS='(4,5,6)' ALTLOC=' ' CHAINID=' ' ICODE='' SEGID='    ' B='0' Q='0' CHARGE='0' MASS='1' ATOMICNUMBER='-1'/>
   <ATOM ID='3' NAME='CG' RESID='1' RESNAME='   ' COORDS='(-1,-2,-3)' ALTLOC=' ' CHAINID=' ' ICODE='' SEGID='    ' B='0' Q='0' CHARGE='0' MASS='1' ATOMICNUMBER='-1'/>
   <ATOM ID='4' NAME='CA' RESID='2' RESNAME='   ' COORDS='(7,3,4)' ALTLOC=' ' CHAINID=' ' ICODE='' SEGID='    ' B='0' Q='0' CHARGE='0' MASS='1' ATOMICNUMBER='-1'/>
   <ATOM ID='5' NAME='CG' RESID='2' RESNAME='   ' COORDS='(1,7,2)' ALTLOC=' ' CHAINID=' ' ICODE='' SEGID='    ' B='0' Q='0' CHARGE='0' MASS='1' ATOMICNUMBER='-1'/>
</GROUP>
-------------------
Operator= test:
operator== test:
1
Operator[] test:
<GROUP>
   <ATOM ID='1' NAME='CA' RESID='1' RESNAME='   ' COORDS='(1,2,3)' ALTLOC=' ' CHAINID=' ' ICODE='' SEGID='    ' B='0' Q='0' CHARGE='0' MASS='1' ATOMICNUMBER='-1'>
  <BOND>2</BOND>
  <BOND>3</BOND>
</ATOM>
   <ATOM ID='2' NAME='CB' RESID='1' RESNAME='   ' COORDS='(4,5,6)' ALTLOC=' ' CHAINID=' ' ICODE='' SEGID='    ' B='0' Q='0' CHARGE='0' MASS='1' ATOMICNUMBER='-1'/>
   <ATOM ID='3' NAME='CG' RESID='1' RESNAME='   ' COORDS='(-1,-2,-3)' ALTLOC=' ' CHAINID=' ' ICODE='' SEGID='    ' B='0' Q='0' CHARGE='0' MASS='1' ATOMICNUMBER='-1'/>
   <ATOM ID='4' NAME='C' RESID='2' RESNAME='   ' COORDS='(1,7,2)' ALTLOC=' ' CHAINID=' ' ICODE='' SEGID='    ' B='0' Q='0' CHARGE='0' MASS='1' ATOMICNUMBER='-1'/>
   <ATOM ID='5' NAME='CG' RESID='2' RESNAME='   ' COORDS='(1,7,2)' ALTLOC=' ' CHAINID=' ' ICODE='' SEGID='    ' B='0' Q='0' CHARGE='0' MASS='1' ATOMICNUMBER='-1'/>
</GROUP>
=====
<GROUP>
   <ATOM ID='1' NAME='CA' RESID='1' RESNAME='   ' COORDS='(1,2,3)' ALTLOC=' ' CHAINID=' ' ICODE='' SEGID='    ' B='0' Q='0' CHARGE='0' MASS='1' ATOMICNUMBER='-1'>
  <BOND>2</BOND>
  <BOND>3</BOND>
</ATOM>
   <ATOM ID='2' NAME='CB' RESID='1' RESNAME='   ' COORDS='(4,5,6)' ALTLOC=' ' CHAINID=' ' ICODE='' SEGID='    ' B='0' Q='0' CHARGE='0' MASS='1' ATOMICNUMBER='-1'/>
   <ATOM ID='3' NAME='CG' RESID='1' RESNAME='   ' COORDS='(-1,-2,-3)' ALTLOC=' ' CHAINID=' ' ICODE='' SEGID='    ' B='0' Q='0' CHARGE='0' MASS='1' ATOMICNUMBER='-1'/>
   <ATOM ID='4' NAME='CA' RESID='2' RESNAME='   ' COORDS='(7,3,4)' ALTLOC=' ' CHAINID=' ' ICODE='' SEGID='    ' B='0' Q='0' CHARGE='0' MASS='1' ATOMICNUMBER='-1'/>
   <ATOM ID='5' NAME='CG' RESID='2' RESNAME='   ' COORDS='(1,7,2)' ALTLOC=' ' CHAINID=' ' ICODE='' SEGID='    ' B='0' Q='0' CHARGE='0' MASS='1' ATOMICNUMBER='-1'/>
</GROUP>
-------------------
Operator+ tests:
<GROUP>
   <ATOM ID='1' NAME='CA' RESID='1' RESNAME='   ' COORDS='(1,2,3)' ALTLOC=' ' CHAINID=' ' ICODE='' SEGID='    ' B='0' Q='0' CHARGE='0' MASS='1' ATOMICNUMBER='-1'>
  <BOND>2</BOND>
  <BOND>3</BOND>
</ATOM>
   <ATOM ID='2' NAME='CB' RESID='1' RESNAME='   ' COORDS='(4,5,6)' ALTLOC=' ' CHAINID=' ' ICODE='' SEGID='    ' B='0' Q='0' CHARGE='0' MASS='1' ATOMICNUMBER='-1'/>
   <ATOM ID='3' NAME='CG' RESID='1' RESNAME='   ' COORDS='(-1,-2,-3)' ALTLOC=' ' CHAINID=' ' ICODE='' SEGID='    ' B='0' Q='0' CHARGE='0' MASS='1' ATOMICNUMBER='-1'/>
</GROUP>
======
<GROUP>
   <ATOM ID='1' NAME='CA' RESID='1' RESNAME='   ' COORDS='(1,2,3)' ALTLOC=' ' CHAINID=' ' ICODE='' SEGID='    ' B='0' Q='0' CHARGE='0' MASS='1' ATOMICNUMBER='-1'>
  <BOND>2</BOND>
  <BOND>3</BOND>
</ATOM>
   <ATOM ID='2' NAME='CB' RESID='1' RESNAME='   ' COORDS='(4,5,6)' ALTLOC=' ' CHAINID=' ' ICODE='' SEGID='    ' B='0' Q='0' CHARGE='0' MASS='1' ATOMICNUMBER='-1'/>
   <ATOM ID='3' NAME='CG' RESID='1' RESNAME='   ' COORDS='(-1,-2,-3)' ALTLOC=' ' CHAINID=' ' ICODE='' SEGID='    ' B='0' Q='0' CHARGE='0' MASS='1' ATOMICNUMBER='-1'/>
   <ATOM ID='1' NAME='CA' RESID='1' RESNAME='   ' COORDS='(1,2,3)' ALTLOC=' ' CHAINID=' ' ICODE='' SEGID='    ' B='0' Q='0' CHARGE='0' MASS='1' ATOMICNUMBER='-1'>
  <BOND>2</BOND>
  <BOND>3</BOND>
</ATOM>
   <ATOM ID='2' NAME='CB' RESID='1' RESNAME='   ' COORDS='(4,5,6)' ALTLOC=' ' CHAINID=' ' ICODE='' SEGID='    ' B='0' Q='0' CHARGE='0' MASS='1' ATOMICNUMBER='-1'/>
   <ATOM ID='3' NAME='CG' RESID='1' RESNAME='   ' COORDS='(-1,-2,-3)' ALTLOC=' ' CHAINID=' ' ICODE='' SEGID='    ' B='0' Q='0' CHARGE='0' MASS='1' ATOMICNUMBER='-1'/>
   <ATOM ID='4' NAME='CA' RESID='2' RESNAME='   ' COORDS='(7,3,4)' ALTLOC=' ' CHAINID=' ' ICODE='' SEGID='    ' B='0' Q='0' CHARGE='0' MASS='1' ATOMICNUMBER='-1'/>
   <ATOM ID='5' NAME='CG' RESID='2' RESNAME='   ' COORDS='(1,7,2)' ALTLOC=' ' CHAINID=' ' ICODE='' SEGID='    ' B='0' Q='0' CHARGE='0' MASS='1' ATOMICNUMBER='-1'/>
</GROUP>
=====
<GROUP>
   <ATOM ID='1' NAME='CA' RESID='1' RESNAME='   ' COORDS='(1,2,3)' ALTLOC=' ' CHAINID=' ' ICODE='' SEGID='    ' B='0' Q='0' CHARGE='0' MASS='1' ATOMICNUMBER='-1'>
  <BOND>2</BOND>
  <BOND>3</BOND>
</ATOM>
   <ATOM ID='2' NAME='CB' RESID='1' RESNAME='   ' COORDS='(4,5,6)' ALTLOC=' ' CHAINID=' ' ICODE='' SEGID='    ' B='0' Q='0' CHARGE='0' MASS='1' ATOMICNUMBER='-1'/>
   <ATOM ID='3' NAME='CG' RESID='1' RESNAME='   ' COORDS='(-1,-2,-3)' ALTLOC=' ' CHAINID=' ' ICODE='' SEGID='    ' B='0' Q='0' CHARGE='0' MASS='1' ATOMICNUMBER='-1'/>
   <ATOM ID='4' NAME='CA' RESID='2' RESNAME='   ' COORDS='(7,3,4)' ALTLOC=' ' CHAINID=' ' ICODE='' SEGID='    ' B='0' Q='0' CHARGE='0' MASS='1' ATOMICNUMBER='-1'/>
   <ATOM ID='5' NAME='CG' RESID='2' RESNAME='   ' COORDS='(1,7,2)' ALTLOC=' ' CHAINID=' ' ICODE='' SEGID='    ' B='0' Q='0' CHARGE='0' MASS='1' ATOMICNUMBER='-1'/>
   <ATOM ID='4' NAME='C' RESID='2' RESNAME='   ' COORDS='(1,7,2)' ALTLOC=' ' CHAINID=' ' ICODE='' SEGID='    ' B='0' Q='0' CHARGE='0' MASS='1' ATOMICNUMBER='-1'/>
</GROUP>
-------------------
CA selection:
<GROUP>
   <ATOM ID='1' NAME='CA' RESID='1' RESNAME='   ' COORDS='(1,2,3)' ALTLOC=' ' CHAINID=' ' ICODE='' SEGID='    ' B='0' Q='0' CHARGE='0' MASS='1' ATOMICNUMBER='-1'>
  <BOND>2</BOND>
  <BOND>3</BOND>
</ATOM>
   <ATOM ID='4' NAME='CA' RESID='2' RESNAME='   ' COORDS='(7,3,4)' ALTLOC=' ' CHAINID=' ' ICODE='' SEGID='    ' B='0' Q='0' CHARGE='0' MASS='1' ATOMICNUMBER='-1'/>
</GROUP>
-------------------
Iterator test:
<ATOM ID='1' NAME='CA' RESID='1' RESNAME='   ' COORDS='(1,2,3)' ALTLOC=' ' CHAINID=' ' ICODE='' SEGID='    ' B='0' Q='0' CHARGE='0' MASS='1' ATOMICNUMBER='-1'>
  <BOND>2</BOND>
  <BOND>3</BOND>
</ATOM>
<ATOM ID='2' NAME='CB' RESID='1' RESNAME='   ' COORDS='(4,5,6)' ALTLOC=' ' CHAINID=' ' ICODE='' SEGID='    ' B='0' Q='0' CHARGE='0' MASS='1' ATOMICNUMBER='-1'/>
<ATOM ID='3' NAME='CG' RESID='1' RESNAME='   ' COORDS='(-1,-2,-3)' ALTLOC=' ' CHAINID=' ' ICODE='' SEGID='    ' B='0' Q='0' CHARGE='0' MASS='1' ATOMICNUMBER='-1'/>
<ATOM ID='4' NAME='CA' RESID='2' RESNAME='   ' COORDS='(7,3,4)' ALTLOC=' ' CHAINID=' ' ICODE='' SEGID='    ' B='0' Q='0' CHARGE='0' MASS='1' ATOMICNUMBER='-1'/>
<ATOM ID='5' NAME='CG' RESID='2' RESNAME='   ' COORDS='(1,7,2)' ALTLOC=' ' CHAINID=' ' ICODE='' SEGID='    ' B='0' Q='0' CHARGE='0' MASS='1' ATOMICNUMBER='-1'/>
-------------------
Bounds test...
(-1,-2,-3) x (7,7,6)
-------------------
Radius = 8.10679
Rgyr = 5.10686
-------------------
2 Residues in group.
Size = 3
<GROUP>
   <ATOM ID='2' NAME='CB' RESID='1' RESNAME='   ' COORDS='(4,5,6)' ALTLOC=' ' CHAINID=' ' ICODE='' SEGID='    ' B='0' Q='0' CHARGE='0' MASS='1' ATOMICNUMBER='-1'/>
   <ATOM ID='1' NAME='CA' RESID='1' RESNAME='   ' COORDS='(1,2,3)' ALTLOC=' ' CHAINID=' ' ICODE='' SEGID='    ' B='0' Q='0' CHARGE='0' MASS='1' ATOMICNUMBER='-1'>
  <BOND>2</BOND>
  <BOND>3</BOND>
</ATOM>
   <ATOM ID='3' NAME='CG' RESID='1' RESNAME='   ' COORDS='(-1,-2,-3)' ALTLOC=' ' CHAINID=' ' ICODE='' SEGID='    ' B='0' Q='0' CHARGE='0' MASS='1' ATOMICNUMBER='-1'/>
</GROUP>
-------------------
Clone & sharing test:
<GROUP>
   <ATOM ID='1' NAME='CA' RESID='999' RESNAME='   ' COORDS='(1,2,3)' ALTLOC=' ' CHAINID=' ' ICODE='' SEGID='    ' B='0' Q='0' CHARGE='0' MASS='1' ATOMICNUMBER='-1'>
  <BOND>2</BOND>
  <BOND>3</BOND>
</ATOM>
   <ATOM ID='2' NAME='CB' RESID='1' RESNAME='   ' COORDS='(4,5,6)' ALTLOC=' ' CHAINID=' ' ICODE='' SEGID='    ' B='0' Q='0' CHARGE='0' MASS='1' ATOMICNUMBER='-1'/>
   <ATOM ID='3' NAME='CG' RESID='1' RESNAME='   ' COORDS='(-1,-2,-3)' ALTLOC=' ' CHAINID=' ' ICODE='' SEGID='    ' B='0' Q='0' CHARGE='0' MASS='1' ATOMICNUMBER='-1'/>
   <ATOM ID='4' NAME='CA' RESID='2' RESNAME='   ' COORDS='(7,3,4)' ALTLOC=' ' CHAINID=' ' ICODE='' SEGID='    ' B='0' Q='0' CHARGE='0' MASS='1' ATOMICNUMBER='-1'/>
   <ATOM ID='5' NAME='CG' RESID='2' RESNAME='   ' COORDS='(1,7,2)' ALTLOC=' ' CHAINID=' ' ICODE='' SEGID='    ' B='0' Q='0' CHARGE='0' MASS='1' ATOMICNUMBER='-1'/>
</GROUP>
-
<GROUP>
   <ATOM ID='1' NAME='CA' RESID='1' RESNAME='   ' COORDS='(1,2,3)' ALTLOC=' ' CHAINID=' ' ICODE='' SEGID='    ' B='0' Q='0' CHARGE='0' MASS='1' ATOMICNUMBER='-1'>
  <BOND>2</BOND>
  <BOND>3</BOND>
</ATOM>
   <ATOM ID='2' NAME='CB' RESID='1' RESNAME='   ' COORDS='(4,5,6)' ALTLOC=' ' CHAINID=' ' ICODE='' SEGID='    ' B='0' Q='0' CHARGE='0' MASS='1' ATOMICNUMBER='-1'/>
   <ATOM ID='3' NAME='CG' RESID='1' RESNAME='   ' COORDS='(-1,-2,-3)' ALTLOC=' ' CHAINID=' ' ICODE='' SEGID='    ' B='0' Q='0' CHARGE='0' MASS='1' ATOMICNUMBER='-1'/>
   <ATOM ID='4' NAME='CA' RESID='2' RESNAME='   ' COORDS='(7,3,4)' ALTLOC=' ' CHAINID=' ' ICODE='' SEGID='    ' B='0' Q='0' CHARGE='0' MASS='1' ATOMICNUMBER='-1'/>
   <ATOM ID='5' NAME='CG' RESID='2' RESNAME='   ' COORDS='(1,7,2)' ALTLOC=' ' CHAINID=' ' ICODE='' SEGID='    ' B='0' Q='0' CHARGE='0' MASS='1' ATOMICNUMBER='-1'/>
</GROUP>
---
<GROUP>
   <ATOM ID='1' NAME='CA' RESID='111' RESNAME='   ' COORDS='(1,2,3)' ALTLOC=' ' CHAINID=' ' ICODE='' SEGID='    ' B='0' Q='0' CHARGE='0' MASS='1' ATOMICNUMBER='-1'>
  <BOND>2</BOND>
  <BOND>3</BOND>
</ATOM>
   <ATOM ID='2' NAME='CB' RESID='1' RESNAME='   ' COORDS='(4,5,6)' ALTLOC=' ' CHAINID=' ' ICODE='' SEGID='    ' B='0' Q='0' CHARGE='0' MASS='1' ATOMICNUMBER='-1'/>
   <ATOM ID='3' NAME='CG' RESID='1' RESNAME='   ' COORDS='(-1,-2,-3)' ALTLOC=' ' CHAINID=' ' ICODE='' SEGID='    ' B='0' Q='0' CHARGE='0' MASS='1' ATOMICNUMBER='-1'/>
   <ATOM ID='4' NAME='CA' RESID='2' RESNAME='   ' COORDS='(7,3,4)' ALTLOC=' ' CHAINID=' ' ICODE='' SEGID='    ' B='0' Q='0' CHARGE='0' MASS='1' ATOMICNUMBER='-1'/>
   <ATOM ID='5' NAME='CG' RESID='2' RESNAME='   ' COORDS='(1,7,2)' ALTLOC=' ' CHAINID=' ' ICODE='' SEGID='    ' B='0' Q='0' CHARGE='0' MASS='1' ATOMICNUMBER='-1'/>
</GROUP>
-------------------
subset(1,2):
<GROUP>
   <ATOM ID='2' NAME='CB' RESID='1' RESNAME='   ' COORDS='(4,5,6)' ALTLOC=' ' CHAINID=' ' ICODE='' SEGID='    ' B='0' Q='0' CHARGE='0' MASS='1' ATOMICNUMBER='-1'/>
   <ATOM ID='3' NAME='CG' RESID='1' RESNAME='   ' COORDS='(-1,-2,-3)' ALTLOC=' ' CHAINID=' ' ICODE='' SEGID='    ' B='0' Q='0' CHARGE='0' MASS='1' ATOMICNUMBER='-1'/>
</GROUP>

subset(-2):
<GROUP>
   <ATOM ID='1' NAME='CA' RESID='1' RESNAME='   ' COORDS='(1,2,3)' ALTLOC=' ' CHAINID=' ' ICODE='' SEGID='    ' B='0' Q='0' CHARGE='0' MASS='1' ATOMICNUMBER='-1'>
  <BOND>2</BOND>
  <BOND>3</BOND>
</ATOM>
   <ATOM ID='2' NAME='CB' RESID='1' RESNAME='   ' COORDS='(4,5,6)' ALTLOC=' ' CHAINID=' ' ICODE='' SEGID='    ' B='0' Q='0' CHARGE='0' MASS='1' ATOMICNUMBER='-1'/>
   <ATOM ID='3' NAME='CG' RESID='1' RESNAME='   ' COORDS='(-1,-2,-3)' ALTLOC=' ' CHAINID=' ' ICODE='' SEGID='    ' B='0' Q='0' CHARGE='0' MASS='1' ATOMICNUMBER='-1'/>
   <ATOM ID='4' NAME='CA' RESID='2' RESNAME='   ' COORDS='(7,3,4)' ALTLOC=' ' CHAINID=' ' ICODE='' SEGID='    ' B='0' Q='0' CHARGE='0' MASS='1' ATOMICNUMBER='-1'/>
</GROUP>

subset(-2,4):
<GROUP>
   <ATOM ID='3' NAME='CG' RESID='1' RESNAME='   ' COORDS='(-1,-2,-3)' ALTLOC=' ' CHAINID=' ' ICODE='' SEGID='    ' B='0' Q='0' CHARGE='0' MASS='1' ATOMICNUMBER='-1'/>
   <ATOM ID='4' NAME='CA' RESID='2' RESNAME='   ' COORDS='(7,3,4)' ALTLOC=' ' CHAINID=' ' ICODE='' SEGID='    ' B='0' Q='0' CHARGE='0' MASS='1' ATOMICNUMBER='-1'/>
</GROUP>
-------------------
Excise(1,2):
<GROUP>
   <ATOM ID='2' NAME='CB' RESID='1' RESNAME='   ' COORDS='(4,5,6)' ALTLOC=' ' CHAINID=' ' ICODE='' SEGID='    ' B='0' Q='0' CHARGE='0' MASS='1' ATOMICNUMBER='-1'/>
   <ATOM ID='3' NAME='CG' RESID='1' RESNAME='   ' COORDS='(-1,-2,-3)' ALTLOC=' ' CHAINID=' ' ICODE='' SEGID='    ' B='0' Q='0' CHARGE='0' MASS='1' ATOMICNUMBER='-1'/>
</GROUP>
<GROUP>
   <ATOM ID='1' NAME='CA' RESID='1' RESNAME='   ' COORDS='(1,2,3)' ALTLOC=' ' CHAINID=' ' ICODE='' SEGID='    ' B='0' Q='0' CHARGE='0' MASS='1' ATOMICNUMBER='-1'>
  <BOND>2</BOND>
  <BOND>3</BOND>
</ATOM>
   <ATOM ID='4' NAME='CA' RESID='2' RESNAME='   ' COORDS='(7,3,4)' ALTLOC=' ' CHAINID=' ' ICODE='' SEGID='    ' B='0' Q='0' CHARGE='0' MASS='1' ATOMICNUMBER='-1'/>
   <ATOM ID='5' NAME='CG' RESID='2' RESNAME='   ' COORDS='(1,7,2)' ALTLOC=' ' CHAINID=' ' ICODE='' SEGID='    ' B='0' Q='0' CHARGE='0' MASS='1' ATOMICNUMBER='-1'/>
</GROUP>
-------------------
Box test:
<GROUP PERIODIC='(13,26,39)'>
   <ATOM ID='1' NAME='CA' RESID='1' RESNAME='   ' COORDS='(1,2,3)' ALTLOC=' ' CHAINID=' ' ICODE='' SEGID='    ' B='0' Q='0' CHARGE='0' MASS='1' ATOMICNUMBER='-1'>
  <BOND>2</BOND>
  <BOND>3</BOND>
</ATOM>
   <ATOM ID='4' NAME='CA' RESID='2' RESNAME='   ' COORDS='(7,3,4)' ALTLOC=' ' CHAINID=' ' ICODE='' SEGID='    ' B='0' Q='0' CHARGE='0' MASS='1' ATOMICNUMBER='-1'/>
   <ATOM ID='5' NAME='CG' RESID='2' RESNAME='   ' COORDS='(1,7,2)' ALTLOC=' ' CHAINID=' ' ICODE='' SEGID='    ' B='0' Q='0' CHARGE='0' MASS='1' ATOMICNUMBER='-1'/>
</GROUP>
-------------------
Box inheritance test:
<GROUP PERIODIC='(13,26,39)'>
   <ATOM ID='2' NAME='CB' RESID='1' RESNAME='   ' COORDS='(4,5,6)' ALTLOC=' ' CHAINID=' ' ICODE='' SEGID='    ' B='0' Q='0' CHARGE='0' MASS='1' ATOMICNUMBER='-1'/>
   <ATOM ID='3' NAME='CG' RESID='1' RESNAME='   ' COORDS='(-1,-2,-3)' ALTLOC=' ' CHAINID=' ' ICODE='' SEGID='    ' B='0' Q='0' CHARGE='0' MASS='1' ATOMICNUMBER='-1'/>
</GROUP>
Test updating of box to (25,26,29):
(25,26,29)
(25,26,29)
Test updating derived box (pre-box) to (7,8,9):
(7,8,9)
Testing copy (should be (7,8,9):
(7,8,9)
