
--------------------------------------
Parsing 'name == 'CA''
Commands:
pushAtomName
pushString(<VALUE TYPE='STRING'>CA</VALUE>)
==


Selected 80 @ (-1.35495,4.47205,-0.286438) & (-34.867,-36.938,-31.996) x (23.998,38.446,32.538)

--------------------------------------
Parsing 'resid =~ '1\d+''
Expected exception caught.

--------------------------------------
Parsing '!(name == 'CA')'
Commands:
pushAtomName
pushString(<VALUE TYPE='STRING'>CA</VALUE>)
==
!


Selected 48890 @ (0.097013,0.355107,-0.0305215) & (-44.642,-47.604,-44.924) x (49.651,45.105,44.935)

--------------------------------------
Parsing '!(name == 'CA''
Expected exception caught.

--------------------------------------
Parsing 'hydrogen'
Commands:
Hydrogen


Selected 31060 @ (0.119252,0.314149,-0.0202868) & (-44.642,-47.604,-44.924) x (49.651,45.105,44.935)

--------------------------------------
Parsing '!hydrogen'
Commands:
Hydrogen
!


Selected 17910 @ (0.0519606,0.444526,-0.0494141) & (-43.791,-46.981,-44.585) x (48.886,44.498,44.562)

--------------------------------------
Parsing 'resname == 'TIP3' && !hydrogen'
Commands:
pushAtomResname
pushString(<VALUE TYPE='STRING'>TIP3</VALUE>)
==
Hydrogen
!
&&


Selected 8000 @ (0.225413,-0.529615,0.0740516) & (-36.785,-36.736,-44.585) x (36.809,36.826,44.562)

--------------------------------------
Parsing 'segid == 'BULK' && !(name =~ '^H')'
Commands:
pushAtomSegid
pushString(<VALUE TYPE='STRING'>BULK</VALUE>)
==
pushAtomName
matchRegex(^H)
!
&&


Selected 8000 @ (0.225413,-0.529615,0.0740516) & (-36.785,-36.736,-44.585) x (36.809,36.826,44.562)

--------------------------------------
Parsing 'segid -> 'L(\d+)' < 3'
Commands:
pushAtomSegid
extractNumber(L(\d+))
pushInt(<VALUE TYPE='INT'>3</VALUE>)
<


Selected 250 @ (2.30834,29.9708,-15.0605) & (-29.851,20.523,-28.806) x (32.177,39.06,-1.664)

--------------------------------------
Parsing '(segid -> '(L|P)(\d+)') <= 3'
Commands:
pushAtomSegid
extractNumber((L|P)(\d+))
pushInt(<VALUE TYPE='INT'>3</VALUE>)
<=


Selected 375 @ (-2.04673,9.9244,-13.1061) & (-29.851,-35.321,-28.806) x (32.177,39.06,-0.751)

--------------------------------------
Parsing '(segid -> '(L|P)(\d+)') <= 10 && name =~ 'C''
Commands:
pushAtomSegid
extractNumber((L|P)(\d+))
pushInt(<VALUE TYPE='INT'>10</VALUE>)
<=
pushAtomName
matchRegex(C)
&&


Selected 410 @ (-6.5735,1.4914,-10.5399) & (-37.476,-34.147,-27.993) x (37.683,38.176,3.054)

--------------------------------------
Parsing 'name =~ 'C' && (resid >= 10 && resid <= 63) && segid != 'SOLV''
Commands:
pushAtomName
matchRegex(C)
pushAtomResid
pushInt(<VALUE TYPE='INT'>10</VALUE>)
>=
pushAtomResid
pushInt(<VALUE TYPE='INT'>63</VALUE>)
<=
&&
&&
pushAtomSegid
pushString(<VALUE TYPE='STRING'>SOLV</VALUE>)
==
!
&&


Selected 6 @ (0.726167,-14.1893,-1.72333) & (-24.315,-36.102,-38.565) x (35.928,0.722,39.235)

--------------------------------------
Parsing '!(name =~ 'C' && (resid >= 10 && resid <= 63) && segid != 'SOLV')'
Commands:
pushAtomName
matchRegex(C)
pushAtomResid
pushInt(<VALUE TYPE='INT'>10</VALUE>)
>=
pushAtomResid
pushInt(<VALUE TYPE='INT'>63</VALUE>)
<=
&&
&&
pushAtomSegid
pushString(<VALUE TYPE='STRING'>SOLV</VALUE>)
==
!
&&
!


Selected 48964 @ (0.0945636,0.363616,-0.0307322) & (-44.642,-47.604,-44.924) x (49.651,45.105,44.935)
***ERROR***  Bad selection syntax - syntax error
***ERROR***  Bad selection syntax - syntax error
