Read in 525 atoms.
minId = 1
maxId = 525
minResid = 1
maxResid = 49
nresids = 49
nsegids = 4
Bounding box: min = (-30.599,-33.181,-38.314), max = (46.108,82.251,60.197)
Centroid = (14.2326,45.2594,15.9866)
Radius = 94.1057
Found 28 CAs
RMSD test = 5
Found 4 unique segids.
	0	125	(26.9584,33.5298,-13.6159)
	1	125	(-22.3418,26.4118,-16.5051)
	2	230	(29.7457,71.1713,51.7357)
	3	45	(1.19011,-2.242,5.75204)
* First 3 cas *
<GROUP>
   <ATOM ID='258' NAME='CA' RESID='7' RESNAME='ASN' COORDS='(12.069,65.053,47.927)' ALTLOC='' CHAINID='A' ICODE='' SEGID='A' B='61.31' Q='1' CHARGE='0' MASS='1' ATOMICNUMBER='-1' MASK='1'/>
   <ATOM ID='260' NAME='CA' RESID='8' RESNAME='THR' COORDS='(12.55,65.562,51.672)' ALTLOC='' CHAINID='A' ICODE='' SEGID='A' B='56.21' Q='1' CHARGE='0' MASS='1' ATOMICNUMBER='-1' MASK='1'/>
   <ATOM ID='267' NAME='CA' RESID='9' RESNAME='ASP' COORDS='(15.497,63.203,52.011)' ALTLOC='' CHAINID='A' ICODE='' SEGID='A' B='49.22' Q='1' CHARGE='0' MASS='1' ATOMICNUMBER='-1' MASK='1'/>
</GROUP>
* Last 3 cas *
<GROUP>
   <ATOM ID='444' NAME='CA' RESID='30' RESNAME='MET' COORDS='(38.311,72.361,47.986)' ALTLOC='' CHAINID='A' ICODE='' SEGID='A' B='26.15' Q='1' CHARGE='0' MASS='1' ATOMICNUMBER='-1' MASK='1'/>
   <ATOM ID='452' NAME='CA' RESID='31' RESNAME='GLU' COORDS='(39.624,75.427,46.157)' ALTLOC='' CHAINID='A' ICODE='' SEGID='A' B='30.15' Q='1' CHARGE='0' MASS='1' ATOMICNUMBER='-1' MASK='1'/>
   <ATOM ID='461' NAME='CA' RESID='32' RESNAME='LEU' COORDS='(43.116,73.915,45.968)' ALTLOC='' CHAINID='A' ICODE='' SEGID='A' B='29.63' Q='1' CHARGE='0' MASS='1' ATOMICNUMBER='-1' MASK='1'/>
</GROUP>
Found 343 non-hydrogen atoms via parser.
Found 343 non-hydrogen atoms via HeavyAtomSelector.
Residue for third CA:
<GROUP>
   <ATOM ID='267' NAME='CA' RESID='9' RESNAME='ASP' COORDS='(15.497,63.203,52.011)' ALTLOC='' CHAINID='A' ICODE='' SEGID='A' B='49.22' Q='1' CHARGE='0' MASS='1' ATOMICNUMBER='-1' MASK='1'/>
   <ATOM ID='266' NAME='N' RESID='9' RESNAME='ASP' COORDS='(14.196,63.783,51.735)' ALTLOC='' CHAINID='A' ICODE='' SEGID='A' B='52.45' Q='1' CHARGE='0' MASS='1' ATOMICNUMBER='-1' MASK='1'/>
   <ATOM ID='268' NAME='CB' RESID='9' RESNAME='ASP' COORDS='(15.424,61.688,51.833)' ALTLOC='' CHAINID='A' ICODE='' SEGID='A' B='52.76' Q='1' CHARGE='0' MASS='1' ATOMICNUMBER='-1' MASK='1'/>
   <ATOM ID='269' NAME='CG' RESID='9' RESNAME='ASP' COORDS='(14.644,61.012,52.956)' ALTLOC='' CHAINID='A' ICODE='' SEGID='A' B='55.25' Q='1' CHARGE='0' MASS='1' ATOMICNUMBER='-1' MASK='1'/>
   <ATOM ID='270' NAME='OD1' RESID='9' RESNAME='ASP' COORDS='(15.037,61.168,54.134)' ALTLOC='' CHAINID='A' ICODE='' SEGID='A' B='54.23' Q='1' CHARGE='0' MASS='1' ATOMICNUMBER='-1' MASK='1'/>
   <ATOM ID='271' NAME='OD2' RESID='9' RESNAME='ASP' COORDS='(13.638,60.331,52.664)' ALTLOC='' CHAINID='A' ICODE='' SEGID='A' B='57.26' Q='1' CHARGE='0' MASS='1' ATOMICNUMBER='-1' MASK='1'/>
   <ATOM ID='272' NAME='C' RESID='9' RESNAME='ASP' COORDS='(16.603,63.809,51.152)' ALTLOC='' CHAINID='A' ICODE='' SEGID='A' B='45.64' Q='1' CHARGE='0' MASS='1' ATOMICNUMBER='-1' MASK='1'/>
   <ATOM ID='273' NAME='O' RESID='9' RESNAME='ASP' COORDS='(17.736,63.955,51.603)' ALTLOC='' CHAINID='A' ICODE='' SEGID='A' B='42.18' Q='1' CHARGE='0' MASS='1' ATOMICNUMBER='-1' MASK='1'/>
</GROUP>
* Transformation test:
Pre: (12.069,65.053,47.927)
Post: (56.1125,44.7378,39.0444)
Testing findById()...passed
Testing selections...
Total input size = 525
CASelector = 28 @ (29.5157,71.1618,51.4522)
BackboneSelector = 113 @ (29.2508,70.5259,50.0273)
SegidSelector(BULK) = 45 @ (1.19011,-2.242,5.75204)
ResidRangeSelector(10,20) = 91 @ (22.5428,68.6405,52.4358)
HyrdogenSelector = 182 @ (2.11614,24.7385,-11.0071)
HeavyAtomSelector = 343 @ (20.6618,56.148,30.3097)
SolventSelector = 45 @ (1.19011,-2.242,5.75204)
NotSelector(SolventSelector) = 480 @ (15.4554,49.7127,16.946)
*** within() test
Waters = 15
Target = 0
Found 0 waters within 4.0 Angstroms of the target.
=========================================
Testing apply()...
pdb.centroid() = (14.2326,45.2594,15.9866)
apply(Functor()) = (14.2326,45.2594,15.9866)
