===> PALM -> OLEO
*** 2.5 angstroms
<GROUP>
   <ATOM ID='80' NAME='H3A' RESID='3' RESNAME='OLEO' COORDS='(28.178,33.424,-15.469)' ALTLOC='' CHAINID='L' ICODE='' SEGID='L1' B='0' Q='0' CHARGE='0' MASS='1' ATOMICNUMBER='-1' MASK='1'/>
   <ATOM ID='93' NAME='H7B' RESID='3' RESNAME='OLEO' COORDS='(27.86,31.667,-11.365)' ALTLOC='' CHAINID='L' ICODE='' SEGID='L1' B='0' Q='0' CHARGE='0' MASS='1' ATOMICNUMBER='-1' MASK='1'/>
</GROUP>
*** 10 angstroms
<GROUP>
   <ATOM ID='74' NAME='C1' RESID='3' RESNAME='OLEO' COORDS='(28.544,33.347,-18.38)' ALTLOC='' CHAINID='L' ICODE='' SEGID='L1' B='0' Q='0' CHARGE='0' MASS='1' ATOMICNUMBER='-1' MASK='1'/>
   <ATOM ID='75' NAME='O1' RESID='3' RESNAME='OLEO' COORDS='(29.711,33.162,-17.992)' ALTLOC='' CHAINID='L' ICODE='' SEGID='L1' B='0' Q='0' CHARGE='0' MASS='1' ATOMICNUMBER='-1' MASK='1'/>
   <ATOM ID='79' NAME='C3' RESID='3' RESNAME='OLEO' COORDS='(27.717,32.599,-16.052)' ALTLOC='' CHAINID='L' ICODE='' SEGID='L1' B='0' Q='0' CHARGE='0' MASS='1' ATOMICNUMBER='-1' MASK='1'/>
   <ATOM ID='85' NAME='C5' RESID='3' RESNAME='OLEO' COORDS='(26.711,31.547,-13.863)' ALTLOC='' CHAINID='L' ICODE='' SEGID='L1' B='0' Q='0' CHARGE='0' MASS='1' ATOMICNUMBER='-1' MASK='1'/>
   <ATOM ID='88' NAME='C6' RESID='3' RESNAME='OLEO' COORDS='(26.598,32.672,-12.788)' ALTLOC='' CHAINID='L' ICODE='' SEGID='L1' B='0' Q='0' CHARGE='0' MASS='1' ATOMICNUMBER='-1' MASK='1'/>
</GROUP>
==> lipid1 -> lipid2
*** 10 angstroms
<GROUP>
</GROUP>
*** 50 angstroms
<GROUP>
   <ATOM ID='126' NAME='C1' RESID='4' RESNAME='PALM' COORDS='(-22.887,23.263,-20.847)' ALTLOC='' CHAINID='L' ICODE='' SEGID='L2' B='0' Q='0' CHARGE='0' MASS='1' ATOMICNUMBER='-1' MASK='1'/>
   <ATOM ID='128' NAME='C2' RESID='4' RESNAME='PALM' COORDS='(-21.999,23.313,-19.697)' ALTLOC='' CHAINID='L' ICODE='' SEGID='L2' B='0' Q='0' CHARGE='0' MASS='1' ATOMICNUMBER='-1' MASK='1'/>
   <ATOM ID='129' NAME='H2A' RESID='4' RESNAME='PALM' COORDS='(-21.057,23.888,-19.826)' ALTLOC='' CHAINID='L' ICODE='' SEGID='L2' B='0' Q='0' CHARGE='0' MASS='1' ATOMICNUMBER='-1' MASK='1'/>
   <ATOM ID='135' NAME='H4A' RESID='4' RESNAME='PALM' COORDS='(-21.275,24.855,-17.14)' ALTLOC='' CHAINID='L' ICODE='' SEGID='L2' B='0' Q='0' CHARGE='0' MASS='1' ATOMICNUMBER='-1' MASK='1'/>
   <ATOM ID='141' NAME='H6A' RESID='4' RESNAME='PALM' COORDS='(-20.891,24.475,-14.54)' ALTLOC='' CHAINID='L' ICODE='' SEGID='L2' B='0' Q='0' CHARGE='0' MASS='1' ATOMICNUMBER='-1' MASK='1'/>
   <ATOM ID='153' NAME='H10A' RESID='4' RESNAME='PALM' COORDS='(-20.913,24.758,-9.412)' ALTLOC='' CHAINID='L' ICODE='' SEGID='L2' B='0' Q='0' CHARGE='0' MASS='1' ATOMICNUMBER='-1' MASK='1'/>
   <ATOM ID='160' NAME='H12B' RESID='4' RESNAME='PALM' COORDS='(-20.161,22.842,-7.057)' ALTLOC='' CHAINID='L' ICODE='' SEGID='L2' B='0' Q='0' CHARGE='0' MASS='1' ATOMICNUMBER='-1' MASK='1'/>
   <ATOM ID='166' NAME='H14B' RESID='4' RESNAME='PALM' COORDS='(-19.854,22.659,-4.482)' ALTLOC='' CHAINID='L' ICODE='' SEGID='L2' B='0' Q='0' CHARGE='0' MASS='1' ATOMICNUMBER='-1' MASK='1'/>
   <ATOM ID='213' NAME='C6' RESID='6' RESNAME='OLEO' COORDS='(-22.024,30.579,-21.623)' ALTLOC='' CHAINID='L' ICODE='' SEGID='L2' B='0' Q='0' CHARGE='0' MASS='1' ATOMICNUMBER='-1' MASK='1'/>
   <ATOM ID='215' NAME='H6B' RESID='6' RESNAME='OLEO' COORDS='(-21.434,29.798,-22.148)' ALTLOC='' CHAINID='L' ICODE='' SEGID='L2' B='0' Q='0' CHARGE='0' MASS='1' ATOMICNUMBER='-1' MASK='1'/>
   <ATOM ID='216' NAME='C7' RESID='6' RESNAME='OLEO' COORDS='(-20.984,31.619,-21.272)' ALTLOC='' CHAINID='L' ICODE='' SEGID='L2' B='0' Q='0' CHARGE='0' MASS='1' ATOMICNUMBER='-1' MASK='1'/>
   <ATOM ID='218' NAME='H7B' RESID='6' RESNAME='OLEO' COORDS='(-20.676,32.147,-22.2)' ALTLOC='' CHAINID='L' ICODE='' SEGID='L2' B='0' Q='0' CHARGE='0' MASS='1' ATOMICNUMBER='-1' MASK='1'/>
   <ATOM ID='219' NAME='C8' RESID='6' RESNAME='OLEO' COORDS='(-19.76,31.161,-20.49)' ALTLOC='' CHAINID='L' ICODE='' SEGID='L2' B='0' Q='0' CHARGE='0' MASS='1' ATOMICNUMBER='-1' MASK='1'/>
   <ATOM ID='220' NAME='H8A' RESID='6' RESNAME='OLEO' COORDS='(-19.242,30.304,-20.972)' ALTLOC='' CHAINID='L' ICODE='' SEGID='L2' B='0' Q='0' CHARGE='0' MASS='1' ATOMICNUMBER='-1' MASK='1'/>
   <ATOM ID='222' NAME='C9' RESID='6' RESNAME='OLEO' COORDS='(-18.673,32.241,-20.406)' ALTLOC='' CHAINID='L' ICODE='' SEGID='L2' B='0' Q='0' CHARGE='0' MASS='1' ATOMICNUMBER='-1' MASK='1'/>
   <ATOM ID='223' NAME='H9A' RESID='6' RESNAME='OLEO' COORDS='(-18.191,32.559,-21.342)' ALTLOC='' CHAINID='L' ICODE='' SEGID='L2' B='0' Q='0' CHARGE='0' MASS='1' ATOMICNUMBER='-1' MASK='1'/>
   <ATOM ID='225' NAME='H10A' RESID='6' RESNAME='OLEO' COORDS='(-17.731,33.748,-19.184)' ALTLOC='' CHAINID='L' ICODE='' SEGID='L2' B='0' Q='0' CHARGE='0' MASS='1' ATOMICNUMBER='-1' MASK='1'/>
   <ATOM ID='230' NAME='H12A' RESID='6' RESNAME='OLEO' COORDS='(-17.513,32.059,-16.66)' ALTLOC='' CHAINID='L' ICODE='' SEGID='L2' B='0' Q='0' CHARGE='0' MASS='1' ATOMICNUMBER='-1' MASK='1'/>
</GROUP>
==> lipid1 -> protein without box
*** 20 angstroms
<GROUP>
</GROUP>
==> lipid1 -> protein with box
*** 20 angstroms
<GROUP>
   <ATOM ID='251' NAME='CB' RESID='7' RESNAME='ASN' COORDS='(11.846,63.547,48.037)' ALTLOC='' CHAINID='A' ICODE='' SEGID='A' B='62.53' Q='1' CHARGE='0' MASS='1' ATOMICNUMBER='-1' MASK='1'/>
   <ATOM ID='254' NAME='ND2' RESID='7' RESNAME='ASN' COORDS='(13.236,61.663,47.436)' ALTLOC='' CHAINID='A' ICODE='' SEGID='A' B='64.98' Q='1' CHARGE='0' MASS='1' ATOMICNUMBER='-1' MASK='1'/>
   <ATOM ID='255' NAME='C' RESID='7' RESNAME='ASN' COORDS='(12.69,65.556,49.23)' ALTLOC='' CHAINID='A' ICODE='' SEGID='A' B='60.05' Q='1' CHARGE='0' MASS='1' ATOMICNUMBER='-1' MASK='1'/>
   <ATOM ID='257' NAME='N' RESID='7' RESNAME='ASN' COORDS='(12.922,65.362,46.741)' ALTLOC='' CHAINID='A' ICODE='' SEGID='A' B='61.28' Q='1' CHARGE='0' MASS='1' ATOMICNUMBER='-1' MASK='1'/>
   <ATOM ID='259' NAME='N' RESID='8' RESNAME='THR' COORDS='(12.084,65.164,50.348)' ALTLOC='' CHAINID='A' ICODE='' SEGID='A' B='58.14' Q='1' CHARGE='0' MASS='1' ATOMICNUMBER='-1' MASK='1'/>
</GROUP>
