===> PALM -> OLEO
*** 2.5 angstroms
<GROUP>
   <ATOM ID='17' NAME='H6B' RESID='1' RESNAME='PALM' COORDS='(30.089,34.529,-15.478)' ALTLOC='' CHAINID='L' ICODE='' SEGID='L1' B='0' Q='0' CHARGE='0' MASS='1' ATOMICNUMBER='-1' MASK='1'/>
   <ATOM ID='34' NAME='H12A' RESID='1' RESNAME='PALM' COORDS='(29.06,32.293,-9.463)' ALTLOC='' CHAINID='L' ICODE='' SEGID='L1' B='0' Q='0' CHARGE='0' MASS='1' ATOMICNUMBER='-1' MASK='1'/>
</GROUP>
*** 10 angstroms
<GROUP>
   <ATOM ID='1' NAME='C1' RESID='1' RESNAME='PALM' COORDS='(29.814,37.27,-20.674)' ALTLOC='' CHAINID='L' ICODE='' SEGID='L1' B='0' Q='0' CHARGE='0' MASS='1' ATOMICNUMBER='-1' MASK='1'/>
   <ATOM ID='2' NAME='O1' RESID='1' RESNAME='PALM' COORDS='(29.735,37.519,-21.893)' ALTLOC='' CHAINID='L' ICODE='' SEGID='L1' B='0' Q='0' CHARGE='0' MASS='1' ATOMICNUMBER='-1' MASK='1'/>
   <ATOM ID='3' NAME='C2' RESID='1' RESNAME='PALM' COORDS='(29.988,38.176,-19.449)' ALTLOC='' CHAINID='L' ICODE='' SEGID='L1' B='0' Q='0' CHARGE='0' MASS='1' ATOMICNUMBER='-1' MASK='1'/>
   <ATOM ID='4' NAME='H2A' RESID='1' RESNAME='PALM' COORDS='(29.435,39.06,-19.833)' ALTLOC='' CHAINID='L' ICODE='' SEGID='L1' B='0' Q='0' CHARGE='0' MASS='1' ATOMICNUMBER='-1' MASK='1'/>
   <ATOM ID='5' NAME='H2B' RESID='1' RESNAME='PALM' COORDS='(31.089,38.321,-19.4)' ALTLOC='' CHAINID='L' ICODE='' SEGID='L1' B='0' Q='0' CHARGE='0' MASS='1' ATOMICNUMBER='-1' MASK='1'/>
   <ATOM ID='6' NAME='C3' RESID='1' RESNAME='PALM' COORDS='(29.473,37.819,-17.988)' ALTLOC='' CHAINID='L' ICODE='' SEGID='L1' B='0' Q='0' CHARGE='0' MASS='1' ATOMICNUMBER='-1' MASK='1'/>
   <ATOM ID='7' NAME='H3A' RESID='1' RESNAME='PALM' COORDS='(28.464,37.4,-17.79)' ALTLOC='' CHAINID='L' ICODE='' SEGID='L1' B='0' Q='0' CHARGE='0' MASS='1' ATOMICNUMBER='-1' MASK='1'/>
   <ATOM ID='8' NAME='H3B' RESID='1' RESNAME='PALM' COORDS='(29.698,38.736,-17.404)' ALTLOC='' CHAINID='L' ICODE='' SEGID='L1' B='0' Q='0' CHARGE='0' MASS='1' ATOMICNUMBER='-1' MASK='1'/>
   <ATOM ID='9' NAME='C4' RESID='1' RESNAME='PALM' COORDS='(30.259,36.705,-17.245)' ALTLOC='' CHAINID='L' ICODE='' SEGID='L1' B='0' Q='0' CHARGE='0' MASS='1' ATOMICNUMBER='-1' MASK='1'/>
   <ATOM ID='10' NAME='H4A' RESID='1' RESNAME='PALM' COORDS='(31.341,36.895,-17.413)' ALTLOC='' CHAINID='L' ICODE='' SEGID='L1' B='0' Q='0' CHARGE='0' MASS='1' ATOMICNUMBER='-1' MASK='1'/>
   <ATOM ID='11' NAME='H4B' RESID='1' RESNAME='PALM' COORDS='(29.944,35.68,-17.538)' ALTLOC='' CHAINID='L' ICODE='' SEGID='L1' B='0' Q='0' CHARGE='0' MASS='1' ATOMICNUMBER='-1' MASK='1'/>
   <ATOM ID='12' NAME='C5' RESID='1' RESNAME='PALM' COORDS='(30.014,36.754,-15.683)' ALTLOC='' CHAINID='L' ICODE='' SEGID='L1' B='0' Q='0' CHARGE='0' MASS='1' ATOMICNUMBER='-1' MASK='1'/>
   <ATOM ID='13' NAME='H5A' RESID='1' RESNAME='PALM' COORDS='(28.906,36.834,-15.651)' ALTLOC='' CHAINID='L' ICODE='' SEGID='L1' B='0' Q='0' CHARGE='0' MASS='1' ATOMICNUMBER='-1' MASK='1'/>
   <ATOM ID='14' NAME='H5B' RESID='1' RESNAME='PALM' COORDS='(30.477,37.623,-15.17)' ALTLOC='' CHAINID='L' ICODE='' SEGID='L1' B='0' Q='0' CHARGE='0' MASS='1' ATOMICNUMBER='-1' MASK='1'/>
   <ATOM ID='15' NAME='C6' RESID='1' RESNAME='PALM' COORDS='(30.521,35.463,-15.058)' ALTLOC='' CHAINID='L' ICODE='' SEGID='L1' B='0' Q='0' CHARGE='0' MASS='1' ATOMICNUMBER='-1' MASK='1'/>
   <ATOM ID='16' NAME='H6A' RESID='1' RESNAME='PALM' COORDS='(31.609,35.343,-15.249)' ALTLOC='' CHAINID='L' ICODE='' SEGID='L1' B='0' Q='0' CHARGE='0' MASS='1' ATOMICNUMBER='-1' MASK='1'/>
   <ATOM ID='17' NAME='H6B' RESID='1' RESNAME='PALM' COORDS='(30.089,34.529,-15.478)' ALTLOC='' CHAINID='L' ICODE='' SEGID='L1' B='0' Q='0' CHARGE='0' MASS='1' ATOMICNUMBER='-1' MASK='1'/>
   <ATOM ID='18' NAME='C7' RESID='1' RESNAME='PALM' COORDS='(30.235,35.331,-13.527)' ALTLOC='' CHAINID='L' ICODE='' SEGID='L1' B='0' Q='0' CHARGE='0' MASS='1' ATOMICNUMBER='-1' MASK='1'/>
   <ATOM ID='19' NAME='H7A' RESID='1' RESNAME='PALM' COORDS='(29.148,35.304,-13.297)' ALTLOC='' CHAINID='L' ICODE='' SEGID='L1' B='0' Q='0' CHARGE='0' MASS='1' ATOMICNUMBER='-1' MASK='1'/>
   <ATOM ID='20' NAME='H7B' RESID='1' RESNAME='PALM' COORDS='(30.664,36.214,-13.007)' ALTLOC='' CHAINID='L' ICODE='' SEGID='L1' B='0' Q='0' CHARGE='0' MASS='1' ATOMICNUMBER='-1' MASK='1'/>
   <ATOM ID='21' NAME='C8' RESID='1' RESNAME='PALM' COORDS='(30.787,33.96,-12.992)' ALTLOC='' CHAINID='L' ICODE='' SEGID='L1' B='0' Q='0' CHARGE='0' MASS='1' ATOMICNUMBER='-1' MASK='1'/>
   <ATOM ID='22' NAME='H8A' RESID='1' RESNAME='PALM' COORDS='(31.888,33.98,-13.14)' ALTLOC='' CHAINID='L' ICODE='' SEGID='L1' B='0' Q='0' CHARGE='0' MASS='1' ATOMICNUMBER='-1' MASK='1'/>
   <ATOM ID='23' NAME='H8B' RESID='1' RESNAME='PALM' COORDS='(30.275,33.16,-13.568)' ALTLOC='' CHAINID='L' ICODE='' SEGID='L1' B='0' Q='0' CHARGE='0' MASS='1' ATOMICNUMBER='-1' MASK='1'/>
   <ATOM ID='24' NAME='C9' RESID='1' RESNAME='PALM' COORDS='(30.585,33.963,-11.452)' ALTLOC='' CHAINID='L' ICODE='' SEGID='L1' B='0' Q='0' CHARGE='0' MASS='1' ATOMICNUMBER='-1' MASK='1'/>
   <ATOM ID='25' NAME='H9A' RESID='1' RESNAME='PALM' COORDS='(29.484,34.053,-11.336)' ALTLOC='' CHAINID='L' ICODE='' SEGID='L1' B='0' Q='0' CHARGE='0' MASS='1' ATOMICNUMBER='-1' MASK='1'/>
   <ATOM ID='26' NAME='H9B' RESID='1' RESNAME='PALM' COORDS='(30.929,34.847,-10.874)' ALTLOC='' CHAINID='L' ICODE='' SEGID='L1' B='0' Q='0' CHARGE='0' MASS='1' ATOMICNUMBER='-1' MASK='1'/>
   <ATOM ID='27' NAME='C10' RESID='1' RESNAME='PALM' COORDS='(31.136,32.728,-10.777)' ALTLOC='' CHAINID='L' ICODE='' SEGID='L1' B='0' Q='0' CHARGE='0' MASS='1' ATOMICNUMBER='-1' MASK='1'/>
   <ATOM ID='28' NAME='H10A' RESID='1' RESNAME='PALM' COORDS='(32.177,32.658,-11.158)' ALTLOC='' CHAINID='L' ICODE='' SEGID='L1' B='0' Q='0' CHARGE='0' MASS='1' ATOMICNUMBER='-1' MASK='1'/>
   <ATOM ID='29' NAME='H10B' RESID='1' RESNAME='PALM' COORDS='(30.743,31.758,-11.148)' ALTLOC='' CHAINID='L' ICODE='' SEGID='L1' B='0' Q='0' CHARGE='0' MASS='1' ATOMICNUMBER='-1' MASK='1'/>
   <ATOM ID='30' NAME='C11' RESID='1' RESNAME='PALM' COORDS='(31.14,32.693,-9.214)' ALTLOC='' CHAINID='L' ICODE='' SEGID='L1' B='0' Q='0' CHARGE='0' MASS='1' ATOMICNUMBER='-1' MASK='1'/>
   <ATOM ID='31' NAME='H11A' RESID='1' RESNAME='PALM' COORDS='(31.65,33.652,-8.982)' ALTLOC='' CHAINID='L' ICODE='' SEGID='L1' B='0' Q='0' CHARGE='0' MASS='1' ATOMICNUMBER='-1' MASK='1'/>
   <ATOM ID='32' NAME='H11B' RESID='1' RESNAME='PALM' COORDS='(31.74,31.839,-8.832)' ALTLOC='' CHAINID='L' ICODE='' SEGID='L1' B='0' Q='0' CHARGE='0' MASS='1' ATOMICNUMBER='-1' MASK='1'/>
   <ATOM ID='33' NAME='C12' RESID='1' RESNAME='PALM' COORDS='(29.73,32.795,-8.732)' ALTLOC='' CHAINID='L' ICODE='' SEGID='L1' B='0' Q='0' CHARGE='0' MASS='1' ATOMICNUMBER='-1' MASK='1'/>
   <ATOM ID='34' NAME='H12A' RESID='1' RESNAME='PALM' COORDS='(29.06,32.293,-9.463)' ALTLOC='' CHAINID='L' ICODE='' SEGID='L1' B='0' Q='0' CHARGE='0' MASS='1' ATOMICNUMBER='-1' MASK='1'/>
   <ATOM ID='35' NAME='H12B' RESID='1' RESNAME='PALM' COORDS='(29.406,33.848,-8.592)' ALTLOC='' CHAINID='L' ICODE='' SEGID='L1' B='0' Q='0' CHARGE='0' MASS='1' ATOMICNUMBER='-1' MASK='1'/>
   <ATOM ID='36' NAME='C13' RESID='1' RESNAME='PALM' COORDS='(29.687,32.315,-7.268)' ALTLOC='' CHAINID='L' ICODE='' SEGID='L1' B='0' Q='0' CHARGE='0' MASS='1' ATOMICNUMBER='-1' MASK='1'/>
   <ATOM ID='37' NAME='H13A' RESID='1' RESNAME='PALM' COORDS='(30.078,33.091,-6.576)' ALTLOC='' CHAINID='L' ICODE='' SEGID='L1' B='0' Q='0' CHARGE='0' MASS='1' ATOMICNUMBER='-1' MASK='1'/>
   <ATOM ID='38' NAME='H13B' RESID='1' RESNAME='PALM' COORDS='(30.19,31.332,-7.152)' ALTLOC='' CHAINID='L' ICODE='' SEGID='L1' B='0' Q='0' CHARGE='0' MASS='1' ATOMICNUMBER='-1' MASK='1'/>
   <ATOM ID='39' NAME='C14' RESID='1' RESNAME='PALM' COORDS='(28.29,32.123,-6.632)' ALTLOC='' CHAINID='L' ICODE='' SEGID='L1' B='0' Q='0' CHARGE='0' MASS='1' ATOMICNUMBER='-1' MASK='1'/>
   <ATOM ID='40' NAME='H14A' RESID='1' RESNAME='PALM' COORDS='(27.867,31.182,-7.044)' ALTLOC='' CHAINID='L' ICODE='' SEGID='L1' B='0' Q='0' CHARGE='0' MASS='1' ATOMICNUMBER='-1' MASK='1'/>
   <ATOM ID='41' NAME='H14B' RESID='1' RESNAME='PALM' COORDS='(27.635,32.993,-6.853)' ALTLOC='' CHAINID='L' ICODE='' SEGID='L1' B='0' Q='0' CHARGE='0' MASS='1' ATOMICNUMBER='-1' MASK='1'/>
   <ATOM ID='42' NAME='C15' RESID='1' RESNAME='PALM' COORDS='(28.3,31.906,-5.123)' ALTLOC='' CHAINID='L' ICODE='' SEGID='L1' B='0' Q='0' CHARGE='0' MASS='1' ATOMICNUMBER='-1' MASK='1'/>
   <ATOM ID='43' NAME='H15A' RESID='1' RESNAME='PALM' COORDS='(29.051,31.146,-4.818)' ALTLOC='' CHAINID='L' ICODE='' SEGID='L1' B='0' Q='0' CHARGE='0' MASS='1' ATOMICNUMBER='-1' MASK='1'/>
   <ATOM ID='44' NAME='H15B' RESID='1' RESNAME='PALM' COORDS='(27.395,31.409,-4.713)' ALTLOC='' CHAINID='L' ICODE='' SEGID='L1' B='0' Q='0' CHARGE='0' MASS='1' ATOMICNUMBER='-1' MASK='1'/>
   <ATOM ID='45' NAME='C16' RESID='1' RESNAME='PALM' COORDS='(28.654,33.142,-4.256)' ALTLOC='' CHAINID='L' ICODE='' SEGID='L1' B='0' Q='0' CHARGE='0' MASS='1' ATOMICNUMBER='-1' MASK='1'/>
   <ATOM ID='46' NAME='H16A' RESID='1' RESNAME='PALM' COORDS='(29.522,33.736,-4.614)' ALTLOC='' CHAINID='L' ICODE='' SEGID='L1' B='0' Q='0' CHARGE='0' MASS='1' ATOMICNUMBER='-1' MASK='1'/>
   <ATOM ID='47' NAME='H16B' RESID='1' RESNAME='PALM' COORDS='(27.759,33.79,-4.137)' ALTLOC='' CHAINID='L' ICODE='' SEGID='L1' B='0' Q='0' CHARGE='0' MASS='1' ATOMICNUMBER='-1' MASK='1'/>
   <ATOM ID='48' NAME='H16C' RESID='1' RESNAME='PALM' COORDS='(28.929,32.757,-3.25)' ALTLOC='' CHAINID='L' ICODE='' SEGID='L1' B='0' Q='0' CHARGE='0' MASS='1' ATOMICNUMBER='-1' MASK='1'/>
</GROUP>
==> lipid1 -> lipid2
*** 10 angstroms
<GROUP>
</GROUP>
*** 50 angstroms
<GROUP>
   <ATOM ID='1' NAME='C1' RESID='1' RESNAME='PALM' COORDS='(29.814,37.27,-20.674)' ALTLOC='' CHAINID='L' ICODE='' SEGID='L1' B='0' Q='0' CHARGE='0' MASS='1' ATOMICNUMBER='-1' MASK='1'/>
   <ATOM ID='2' NAME='O1' RESID='1' RESNAME='PALM' COORDS='(29.735,37.519,-21.893)' ALTLOC='' CHAINID='L' ICODE='' SEGID='L1' B='0' Q='0' CHARGE='0' MASS='1' ATOMICNUMBER='-1' MASK='1'/>
   <ATOM ID='3' NAME='C2' RESID='1' RESNAME='PALM' COORDS='(29.988,38.176,-19.449)' ALTLOC='' CHAINID='L' ICODE='' SEGID='L1' B='0' Q='0' CHARGE='0' MASS='1' ATOMICNUMBER='-1' MASK='1'/>
   <ATOM ID='4' NAME='H2A' RESID='1' RESNAME='PALM' COORDS='(29.435,39.06,-19.833)' ALTLOC='' CHAINID='L' ICODE='' SEGID='L1' B='0' Q='0' CHARGE='0' MASS='1' ATOMICNUMBER='-1' MASK='1'/>
   <ATOM ID='5' NAME='H2B' RESID='1' RESNAME='PALM' COORDS='(31.089,38.321,-19.4)' ALTLOC='' CHAINID='L' ICODE='' SEGID='L1' B='0' Q='0' CHARGE='0' MASS='1' ATOMICNUMBER='-1' MASK='1'/>
   <ATOM ID='6' NAME='C3' RESID='1' RESNAME='PALM' COORDS='(29.473,37.819,-17.988)' ALTLOC='' CHAINID='L' ICODE='' SEGID='L1' B='0' Q='0' CHARGE='0' MASS='1' ATOMICNUMBER='-1' MASK='1'/>
   <ATOM ID='7' NAME='H3A' RESID='1' RESNAME='PALM' COORDS='(28.464,37.4,-17.79)' ALTLOC='' CHAINID='L' ICODE='' SEGID='L1' B='0' Q='0' CHARGE='0' MASS='1' ATOMICNUMBER='-1' MASK='1'/>
   <ATOM ID='8' NAME='H3B' RESID='1' RESNAME='PALM' COORDS='(29.698,38.736,-17.404)' ALTLOC='' CHAINID='L' ICODE='' SEGID='L1' B='0' Q='0' CHARGE='0' MASS='1' ATOMICNUMBER='-1' MASK='1'/>
   <ATOM ID='9' NAME='C4' RESID='1' RESNAME='PALM' COORDS='(30.259,36.705,-17.245)' ALTLOC='' CHAINID='L' ICODE='' SEGID='L1' B='0' Q='0' CHARGE='0' MASS='1' ATOMICNUMBER='-1' MASK='1'/>
   <ATOM ID='10' NAME='H4A' RESID='1' RESNAME='PALM' COORDS='(31.341,36.895,-17.413)' ALTLOC='' CHAINID='L' ICODE='' SEGID='L1' B='0' Q='0' CHARGE='0' MASS='1' ATOMICNUMBER='-1' MASK='1'/>
   <ATOM ID='11' NAME='H4B' RESID='1' RESNAME='PALM' COORDS='(29.944,35.68,-17.538)' ALTLOC='' CHAINID='L' ICODE='' SEGID='L1' B='0' Q='0' CHARGE='0' MASS='1' ATOMICNUMBER='-1' MASK='1'/>
   <ATOM ID='12' NAME='C5' RESID='1' RESNAME='PALM' COORDS='(30.014,36.754,-15.683)' ALTLOC='' CHAINID='L' ICODE='' SEGID='L1' B='0' Q='0' CHARGE='0' MASS='1' ATOMICNUMBER='-1' MASK='1'/>
   <ATOM ID='13' NAME='H5A' RESID='1' RESNAME='PALM' COORDS='(28.906,36.834,-15.651)' ALTLOC='' CHAINID='L' ICODE='' SEGID='L1' B='0' Q='0' CHARGE='0' MASS='1' ATOMICNUMBER='-1' MASK='1'/>
   <ATOM ID='14' NAME='H5B' RESID='1' RESNAME='PALM' COORDS='(30.477,37.623,-15.17)' ALTLOC='' CHAINID='L' ICODE='' SEGID='L1' B='0' Q='0' CHARGE='0' MASS='1' ATOMICNUMBER='-1' MASK='1'/>
   <ATOM ID='15' NAME='C6' RESID='1' RESNAME='PALM' COORDS='(30.521,35.463,-15.058)' ALTLOC='' CHAINID='L' ICODE='' SEGID='L1' B='0' Q='0' CHARGE='0' MASS='1' ATOMICNUMBER='-1' MASK='1'/>
   <ATOM ID='16' NAME='H6A' RESID='1' RESNAME='PALM' COORDS='(31.609,35.343,-15.249)' ALTLOC='' CHAINID='L' ICODE='' SEGID='L1' B='0' Q='0' CHARGE='0' MASS='1' ATOMICNUMBER='-1' MASK='1'/>
   <ATOM ID='17' NAME='H6B' RESID='1' RESNAME='PALM' COORDS='(30.089,34.529,-15.478)' ALTLOC='' CHAINID='L' ICODE='' SEGID='L1' B='0' Q='0' CHARGE='0' MASS='1' ATOMICNUMBER='-1' MASK='1'/>
   <ATOM ID='18' NAME='C7' RESID='1' RESNAME='PALM' COORDS='(30.235,35.331,-13.527)' ALTLOC='' CHAINID='L' ICODE='' SEGID='L1' B='0' Q='0' CHARGE='0' MASS='1' ATOMICNUMBER='-1' MASK='1'/>
   <ATOM ID='19' NAME='H7A' RESID='1' RESNAME='PALM' COORDS='(29.148,35.304,-13.297)' ALTLOC='' CHAINID='L' ICODE='' SEGID='L1' B='0' Q='0' CHARGE='0' MASS='1' ATOMICNUMBER='-1' MASK='1'/>
   <ATOM ID='20' NAME='H7B' RESID='1' RESNAME='PALM' COORDS='(30.664,36.214,-13.007)' ALTLOC='' CHAINID='L' ICODE='' SEGID='L1' B='0' Q='0' CHARGE='0' MASS='1' ATOMICNUMBER='-1' MASK='1'/>
   <ATOM ID='21' NAME='C8' RESID='1' RESNAME='PALM' COORDS='(30.787,33.96,-12.992)' ALTLOC='' CHAINID='L' ICODE='' SEGID='L1' B='0' Q='0' CHARGE='0' MASS='1' ATOMICNUMBER='-1' MASK='1'/>
   <ATOM ID='22' NAME='H8A' RESID='1' RESNAME='PALM' COORDS='(31.888,33.98,-13.14)' ALTLOC='' CHAINID='L' ICODE='' SEGID='L1' B='0' Q='0' CHARGE='0' MASS='1' ATOMICNUMBER='-1' MASK='1'/>
   <ATOM ID='23' NAME='H8B' RESID='1' RESNAME='PALM' COORDS='(30.275,33.16,-13.568)' ALTLOC='' CHAINID='L' ICODE='' SEGID='L1' B='0' Q='0' CHARGE='0' MASS='1' ATOMICNUMBER='-1' MASK='1'/>
   <ATOM ID='24' NAME='C9' RESID='1' RESNAME='PALM' COORDS='(30.585,33.963,-11.452)' ALTLOC='' CHAINID='L' ICODE='' SEGID='L1' B='0' Q='0' CHARGE='0' MASS='1' ATOMICNUMBER='-1' MASK='1'/>
   <ATOM ID='25' NAME='H9A' RESID='1' RESNAME='PALM' COORDS='(29.484,34.053,-11.336)' ALTLOC='' CHAINID='L' ICODE='' SEGID='L1' B='0' Q='0' CHARGE='0' MASS='1' ATOMICNUMBER='-1' MASK='1'/>
   <ATOM ID='26' NAME='H9B' RESID='1' RESNAME='PALM' COORDS='(30.929,34.847,-10.874)' ALTLOC='' CHAINID='L' ICODE='' SEGID='L1' B='0' Q='0' CHARGE='0' MASS='1' ATOMICNUMBER='-1' MASK='1'/>
   <ATOM ID='27' NAME='C10' RESID='1' RESNAME='PALM' COORDS='(31.136,32.728,-10.777)' ALTLOC='' CHAINID='L' ICODE='' SEGID='L1' B='0' Q='0' CHARGE='0' MASS='1' ATOMICNUMBER='-1' MASK='1'/>
   <ATOM ID='28' NAME='H10A' RESID='1' RESNAME='PALM' COORDS='(32.177,32.658,-11.158)' ALTLOC='' CHAINID='L' ICODE='' SEGID='L1' B='0' Q='0' CHARGE='0' MASS='1' ATOMICNUMBER='-1' MASK='1'/>
   <ATOM ID='29' NAME='H10B' RESID='1' RESNAME='PALM' COORDS='(30.743,31.758,-11.148)' ALTLOC='' CHAINID='L' ICODE='' SEGID='L1' B='0' Q='0' CHARGE='0' MASS='1' ATOMICNUMBER='-1' MASK='1'/>
   <ATOM ID='30' NAME='C11' RESID='1' RESNAME='PALM' COORDS='(31.14,32.693,-9.214)' ALTLOC='' CHAINID='L' ICODE='' SEGID='L1' B='0' Q='0' CHARGE='0' MASS='1' ATOMICNUMBER='-1' MASK='1'/>
   <ATOM ID='31' NAME='H11A' RESID='1' RESNAME='PALM' COORDS='(31.65,33.652,-8.982)' ALTLOC='' CHAINID='L' ICODE='' SEGID='L1' B='0' Q='0' CHARGE='0' MASS='1' ATOMICNUMBER='-1' MASK='1'/>
   <ATOM ID='32' NAME='H11B' RESID='1' RESNAME='PALM' COORDS='(31.74,31.839,-8.832)' ALTLOC='' CHAINID='L' ICODE='' SEGID='L1' B='0' Q='0' CHARGE='0' MASS='1' ATOMICNUMBER='-1' MASK='1'/>
   <ATOM ID='33' NAME='C12' RESID='1' RESNAME='PALM' COORDS='(29.73,32.795,-8.732)' ALTLOC='' CHAINID='L' ICODE='' SEGID='L1' B='0' Q='0' CHARGE='0' MASS='1' ATOMICNUMBER='-1' MASK='1'/>
   <ATOM ID='34' NAME='H12A' RESID='1' RESNAME='PALM' COORDS='(29.06,32.293,-9.463)' ALTLOC='' CHAINID='L' ICODE='' SEGID='L1' B='0' Q='0' CHARGE='0' MASS='1' ATOMICNUMBER='-1' MASK='1'/>
   <ATOM ID='35' NAME='H12B' RESID='1' RESNAME='PALM' COORDS='(29.406,33.848,-8.592)' ALTLOC='' CHAINID='L' ICODE='' SEGID='L1' B='0' Q='0' CHARGE='0' MASS='1' ATOMICNUMBER='-1' MASK='1'/>
   <ATOM ID='36' NAME='C13' RESID='1' RESNAME='PALM' COORDS='(29.687,32.315,-7.268)' ALTLOC='' CHAINID='L' ICODE='' SEGID='L1' B='0' Q='0' CHARGE='0' MASS='1' ATOMICNUMBER='-1' MASK='1'/>
   <ATOM ID='37' NAME='H13A' RESID='1' RESNAME='PALM' COORDS='(30.078,33.091,-6.576)' ALTLOC='' CHAINID='L' ICODE='' SEGID='L1' B='0' Q='0' CHARGE='0' MASS='1' ATOMICNUMBER='-1' MASK='1'/>
   <ATOM ID='38' NAME='H13B' RESID='1' RESNAME='PALM' COORDS='(30.19,31.332,-7.152)' ALTLOC='' CHAINID='L' ICODE='' SEGID='L1' B='0' Q='0' CHARGE='0' MASS='1' ATOMICNUMBER='-1' MASK='1'/>
   <ATOM ID='39' NAME='C14' RESID='1' RESNAME='PALM' COORDS='(28.29,32.123,-6.632)' ALTLOC='' CHAINID='L' ICODE='' SEGID='L1' B='0' Q='0' CHARGE='0' MASS='1' ATOMICNUMBER='-1' MASK='1'/>
   <ATOM ID='40' NAME='H14A' RESID='1' RESNAME='PALM' COORDS='(27.867,31.182,-7.044)' ALTLOC='' CHAINID='L' ICODE='' SEGID='L1' B='0' Q='0' CHARGE='0' MASS='1' ATOMICNUMBER='-1' MASK='1'/>
   <ATOM ID='41' NAME='H14B' RESID='1' RESNAME='PALM' COORDS='(27.635,32.993,-6.853)' ALTLOC='' CHAINID='L' ICODE='' SEGID='L1' B='0' Q='0' CHARGE='0' MASS='1' ATOMICNUMBER='-1' MASK='1'/>
   <ATOM ID='42' NAME='C15' RESID='1' RESNAME='PALM' COORDS='(28.3,31.906,-5.123)' ALTLOC='' CHAINID='L' ICODE='' SEGID='L1' B='0' Q='0' CHARGE='0' MASS='1' ATOMICNUMBER='-1' MASK='1'/>
   <ATOM ID='43' NAME='H15A' RESID='1' RESNAME='PALM' COORDS='(29.051,31.146,-4.818)' ALTLOC='' CHAINID='L' ICODE='' SEGID='L1' B='0' Q='0' CHARGE='0' MASS='1' ATOMICNUMBER='-1' MASK='1'/>
   <ATOM ID='44' NAME='H15B' RESID='1' RESNAME='PALM' COORDS='(27.395,31.409,-4.713)' ALTLOC='' CHAINID='L' ICODE='' SEGID='L1' B='0' Q='0' CHARGE='0' MASS='1' ATOMICNUMBER='-1' MASK='1'/>
   <ATOM ID='45' NAME='C16' RESID='1' RESNAME='PALM' COORDS='(28.654,33.142,-4.256)' ALTLOC='' CHAINID='L' ICODE='' SEGID='L1' B='0' Q='0' CHARGE='0' MASS='1' ATOMICNUMBER='-1' MASK='1'/>
   <ATOM ID='46' NAME='H16A' RESID='1' RESNAME='PALM' COORDS='(29.522,33.736,-4.614)' ALTLOC='' CHAINID='L' ICODE='' SEGID='L1' B='0' Q='0' CHARGE='0' MASS='1' ATOMICNUMBER='-1' MASK='1'/>
   <ATOM ID='47' NAME='H16B' RESID='1' RESNAME='PALM' COORDS='(27.759,33.79,-4.137)' ALTLOC='' CHAINID='L' ICODE='' SEGID='L1' B='0' Q='0' CHARGE='0' MASS='1' ATOMICNUMBER='-1' MASK='1'/>
   <ATOM ID='48' NAME='H16C' RESID='1' RESNAME='PALM' COORDS='(28.929,32.757,-3.25)' ALTLOC='' CHAINID='L' ICODE='' SEGID='L1' B='0' Q='0' CHARGE='0' MASS='1' ATOMICNUMBER='-1' MASK='1'/>
   <ATOM ID='49' NAME='N' RESID='2' RESNAME='PEGL' COORDS='(26.838,34.545,-25.993)' ALTLOC='' CHAINID='L' ICODE='' SEGID='L1' B='0' Q='0' CHARGE='0' MASS='1' ATOMICNUMBER='-1' MASK='1'/>
   <ATOM ID='50' NAME='C5' RESID='2' RESNAME='PEGL' COORDS='(27.737,34.882,-24.843)' ALTLOC='' CHAINID='L' ICODE='' SEGID='L1' B='0' Q='0' CHARGE='0' MASS='1' ATOMICNUMBER='-1' MASK='1'/>
   <ATOM ID='51' NAME='HN1' RESID='2' RESNAME='PEGL' COORDS='(26.027,35.191,-26.079)' ALTLOC='' CHAINID='L' ICODE='' SEGID='L1' B='0' Q='0' CHARGE='0' MASS='1' ATOMICNUMBER='-1' MASK='1'/>
   <ATOM ID='52' NAME='HN2' RESID='2' RESNAME='PEGL' COORDS='(26.388,33.64,-25.75)' ALTLOC='' CHAINID='L' ICODE='' SEGID='L1' B='0' Q='0' CHARGE='0' MASS='1' ATOMICNUMBER='-1' MASK='1'/>
   <ATOM ID='53' NAME='HN3' RESID='2' RESNAME='PEGL' COORDS='(27.455,34.433,-26.823)' ALTLOC='' CHAINID='L' ICODE='' SEGID='L1' B='0' Q='0' CHARGE='0' MASS='1' ATOMICNUMBER='-1' MASK='1'/>
   <ATOM ID='54' NAME='H5A' RESID='2' RESNAME='PEGL' COORDS='(27.219,34.588,-23.905)' ALTLOC='' CHAINID='L' ICODE='' SEGID='L1' B='0' Q='0' CHARGE='0' MASS='1' ATOMICNUMBER='-1' MASK='1'/>
   <ATOM ID='55' NAME='H5B' RESID='2' RESNAME='PEGL' COORDS='(28.029,35.952,-24.915)' ALTLOC='' CHAINID='L' ICODE='' SEGID='L1' B='0' Q='0' CHARGE='0' MASS='1' ATOMICNUMBER='-1' MASK='1'/>
   <ATOM ID='56' NAME='C4' RESID='2' RESNAME='PEGL' COORDS='(29.069,34.134,-24.841)' ALTLOC='' CHAINID='L' ICODE='' SEGID='L1' B='0' Q='0' CHARGE='0' MASS='1' ATOMICNUMBER='-1' MASK='1'/>
   <ATOM ID='57' NAME='H4A' RESID='2' RESNAME='PEGL' COORDS='(29.731,34.724,-24.171)' ALTLOC='' CHAINID='L' ICODE='' SEGID='L1' B='0' Q='0' CHARGE='0' MASS='1' ATOMICNUMBER='-1' MASK='1'/>
   <ATOM ID='58' NAME='H4B' RESID='2' RESNAME='PEGL' COORDS='(29.379,34.286,-25.897)' ALTLOC='' CHAINID='L' ICODE='' SEGID='L1' B='0' Q='0' CHARGE='0' MASS='1' ATOMICNUMBER='-1' MASK='1'/>
   <ATOM ID='59' NAME='P' RESID='2' RESNAME='PEGL' COORDS='(30.075,31.912,-23.922)' ALTLOC='' CHAINID='L' ICODE='' SEGID='L1' B='0' Q='0' CHARGE='0' MASS='1' ATOMICNUMBER='-1' MASK='1'/>
   <ATOM ID='60' NAME='OP3' RESID='2' RESNAME='PEGL' COORDS='(31.276,32.25,-24.636)' ALTLOC='' CHAINID='L' ICODE='' SEGID='L1' B='0' Q='0' CHARGE='0' MASS='1' ATOMICNUMBER='-1' MASK='1'/>
   <ATOM ID='61' NAME='OP4' RESID='2' RESNAME='PEGL' COORDS='(29.69,30.487,-23.97)' ALTLOC='' CHAINID='L' ICODE='' SEGID='L1' B='0' Q='0' CHARGE='0' MASS='1' ATOMICNUMBER='-1' MASK='1'/>
   <ATOM ID='62' NAME='OP1' RESID='2' RESNAME='PEGL' COORDS='(30.074,32.497,-22.538)' ALTLOC='' CHAINID='L' ICODE='' SEGID='L1' B='0' Q='0' CHARGE='0' MASS='1' ATOMICNUMBER='-1' MASK='1'/>
   <ATOM ID='63' NAME='OP2' RESID='2' RESNAME='PEGL' COORDS='(28.91,32.765,-24.452)' ALTLOC='' CHAINID='L' ICODE='' SEGID='L1' B='0' Q='0' CHARGE='0' MASS='1' ATOMICNUMBER='-1' MASK='1'/>
   <ATOM ID='64' NAME='C3' RESID='2' RESNAME='PEGL' COORDS='(29.004,32.447,-21.643)' ALTLOC='' CHAINID='L' ICODE='' SEGID='L1' B='0' Q='0' CHARGE='0' MASS='1' ATOMICNUMBER='-1' MASK='1'/>
   <ATOM ID='65' NAME='H3A' RESID='2' RESNAME='PEGL' COORDS='(28.998,31.536,-21.009)' ALTLOC='' CHAINID='L' ICODE='' SEGID='L1' B='0' Q='0' CHARGE='0' MASS='1' ATOMICNUMBER='-1' MASK='1'/>
   <ATOM ID='66' NAME='H3B' RESID='2' RESNAME='PEGL' COORDS='(28.03,32.52,-22.172)' ALTLOC='' CHAINID='L' ICODE='' SEGID='L1' B='0' Q='0' CHARGE='0' MASS='1' ATOMICNUMBER='-1' MASK='1'/>
   <ATOM ID='67' NAME='C2' RESID='2' RESNAME='PEGL' COORDS='(29.232,33.6,-20.669)' ALTLOC='' CHAINID='L' ICODE='' SEGID='L1' B='0' Q='0' CHARGE='0' MASS='1' ATOMICNUMBER='-1' MASK='1'/>
   <ATOM ID='68' NAME='H2A' RESID='2' RESNAME='PEGL' COORDS='(30.205,33.437,-20.157)' ALTLOC='' CHAINID='L' ICODE='' SEGID='L1' B='0' Q='0' CHARGE='0' MASS='1' ATOMICNUMBER='-1' MASK='1'/>
   <ATOM ID='69' NAME='O2' RESID='2' RESNAME='PEGL' COORDS='(28.163,33.516,-19.655)' ALTLOC='' CHAINID='L' ICODE='' SEGID='L1' B='0' Q='0' CHARGE='0' MASS='1' ATOMICNUMBER='-1' MASK='1'/>
   <ATOM ID='70' NAME='C1' RESID='2' RESNAME='PEGL' COORDS='(29.202,35.035,-21.235)' ALTLOC='' CHAINID='L' ICODE='' SEGID='L1' B='0' Q='0' CHARGE='0' MASS='1' ATOMICNUMBER='-1' MASK='1'/>
   <ATOM ID='71' NAME='H1A' RESID='2' RESNAME='PEGL' COORDS='(30.073,35.073,-21.924)' ALTLOC='' CHAINID='L' ICODE='' SEGID='L1' B='0' Q='0' CHARGE='0' MASS='1' ATOMICNUMBER='-1' MASK='1'/>
   <ATOM ID='72' NAME='H1B' RESID='2' RESNAME='PEGL' COORDS='(28.203,35.351,-21.606)' ALTLOC='' CHAINID='L' ICODE='' SEGID='L1' B='0' Q='0' CHARGE='0' MASS='1' ATOMICNUMBER='-1' MASK='1'/>
   <ATOM ID='73' NAME='O1' RESID='2' RESNAME='PEGL' COORDS='(29.589,35.985,-20.212)' ALTLOC='' CHAINID='L' ICODE='' SEGID='L1' B='0' Q='0' CHARGE='0' MASS='1' ATOMICNUMBER='-1' MASK='1'/>
   <ATOM ID='74' NAME='C1' RESID='3' RESNAME='OLEO' COORDS='(28.544,33.347,-18.38)' ALTLOC='' CHAINID='L' ICODE='' SEGID='L1' B='0' Q='0' CHARGE='0' MASS='1' ATOMICNUMBER='-1' MASK='1'/>
   <ATOM ID='75' NAME='O1' RESID='3' RESNAME='OLEO' COORDS='(29.711,33.162,-17.992)' ALTLOC='' CHAINID='L' ICODE='' SEGID='L1' B='0' Q='0' CHARGE='0' MASS='1' ATOMICNUMBER='-1' MASK='1'/>
   <ATOM ID='76' NAME='C2' RESID='3' RESNAME='OLEO' COORDS='(27.32,33.17,-17.521)' ALTLOC='' CHAINID='L' ICODE='' SEGID='L1' B='0' Q='0' CHARGE='0' MASS='1' ATOMICNUMBER='-1' MASK='1'/>
   <ATOM ID='77' NAME='H2A' RESID='3' RESNAME='OLEO' COORDS='(26.572,32.625,-18.135)' ALTLOC='' CHAINID='L' ICODE='' SEGID='L1' B='0' Q='0' CHARGE='0' MASS='1' ATOMICNUMBER='-1' MASK='1'/>
   <ATOM ID='78' NAME='H2B' RESID='3' RESNAME='OLEO' COORDS='(26.958,34.208,-17.366)' ALTLOC='' CHAINID='L' ICODE='' SEGID='L1' B='0' Q='0' CHARGE='0' MASS='1' ATOMICNUMBER='-1' MASK='1'/>
   <ATOM ID='79' NAME='C3' RESID='3' RESNAME='OLEO' COORDS='(27.717,32.599,-16.052)' ALTLOC='' CHAINID='L' ICODE='' SEGID='L1' B='0' Q='0' CHARGE='0' MASS='1' ATOMICNUMBER='-1' MASK='1'/>
   <ATOM ID='80' NAME='H3A' RESID='3' RESNAME='OLEO' COORDS='(28.178,33.424,-15.469)' ALTLOC='' CHAINID='L' ICODE='' SEGID='L1' B='0' Q='0' CHARGE='0' MASS='1' ATOMICNUMBER='-1' MASK='1'/>
   <ATOM ID='81' NAME='H3B' RESID='3' RESNAME='OLEO' COORDS='(28.395,31.72,-16.104)' ALTLOC='' CHAINID='L' ICODE='' SEGID='L1' B='0' Q='0' CHARGE='0' MASS='1' ATOMICNUMBER='-1' MASK='1'/>
   <ATOM ID='82' NAME='C4' RESID='3' RESNAME='OLEO' COORDS='(26.471,32.064,-15.302)' ALTLOC='' CHAINID='L' ICODE='' SEGID='L1' B='0' Q='0' CHARGE='0' MASS='1' ATOMICNUMBER='-1' MASK='1'/>
   <ATOM ID='83' NAME='H4A' RESID='3' RESNAME='OLEO' COORDS='(26.062,31.272,-15.965)' ALTLOC='' CHAINID='L' ICODE='' SEGID='L1' B='0' Q='0' CHARGE='0' MASS='1' ATOMICNUMBER='-1' MASK='1'/>
   <ATOM ID='84' NAME='H4B' RESID='3' RESNAME='OLEO' COORDS='(25.607,32.76,-15.258)' ALTLOC='' CHAINID='L' ICODE='' SEGID='L1' B='0' Q='0' CHARGE='0' MASS='1' ATOMICNUMBER='-1' MASK='1'/>
   <ATOM ID='85' NAME='C5' RESID='3' RESNAME='OLEO' COORDS='(26.711,31.547,-13.863)' ALTLOC='' CHAINID='L' ICODE='' SEGID='L1' B='0' Q='0' CHARGE='0' MASS='1' ATOMICNUMBER='-1' MASK='1'/>
   <ATOM ID='86' NAME='H5A' RESID='3' RESNAME='OLEO' COORDS='(27.721,31.086,-13.83)' ALTLOC='' CHAINID='L' ICODE='' SEGID='L1' B='0' Q='0' CHARGE='0' MASS='1' ATOMICNUMBER='-1' MASK='1'/>
   <ATOM ID='87' NAME='H5B' RESID='3' RESNAME='OLEO' COORDS='(26.038,30.689,-13.649)' ALTLOC='' CHAINID='L' ICODE='' SEGID='L1' B='0' Q='0' CHARGE='0' MASS='1' ATOMICNUMBER='-1' MASK='1'/>
   <ATOM ID='88' NAME='C6' RESID='3' RESNAME='OLEO' COORDS='(26.598,32.672,-12.788)' ALTLOC='' CHAINID='L' ICODE='' SEGID='L1' B='0' Q='0' CHARGE='0' MASS='1' ATOMICNUMBER='-1' MASK='1'/>
   <ATOM ID='89' NAME='H6A' RESID='3' RESNAME='OLEO' COORDS='(25.656,33.26,-12.821)' ALTLOC='' CHAINID='L' ICODE='' SEGID='L1' B='0' Q='0' CHARGE='0' MASS='1' ATOMICNUMBER='-1' MASK='1'/>
   <ATOM ID='90' NAME='H6B' RESID='3' RESNAME='OLEO' COORDS='(27.367,33.418,-13.083)' ALTLOC='' CHAINID='L' ICODE='' SEGID='L1' B='0' Q='0' CHARGE='0' MASS='1' ATOMICNUMBER='-1' MASK='1'/>
   <ATOM ID='91' NAME='C7' RESID='3' RESNAME='OLEO' COORDS='(26.814,32.036,-11.292)' ALTLOC='' CHAINID='L' ICODE='' SEGID='L1' B='0' Q='0' CHARGE='0' MASS='1' ATOMICNUMBER='-1' MASK='1'/>
   <ATOM ID='92' NAME='H7A' RESID='3' RESNAME='OLEO' COORDS='(26.889,32.886,-10.58)' ALTLOC='' CHAINID='L' ICODE='' SEGID='L1' B='0' Q='0' CHARGE='0' MASS='1' ATOMICNUMBER='-1' MASK='1'/>
   <ATOM ID='93' NAME='H7B' RESID='3' RESNAME='OLEO' COORDS='(27.86,31.667,-11.365)' ALTLOC='' CHAINID='L' ICODE='' SEGID='L1' B='0' Q='0' CHARGE='0' MASS='1' ATOMICNUMBER='-1' MASK='1'/>
   <ATOM ID='94' NAME='C8' RESID='3' RESNAME='OLEO' COORDS='(25.756,31.032,-10.88)' ALTLOC='' CHAINID='L' ICODE='' SEGID='L1' B='0' Q='0' CHARGE='0' MASS='1' ATOMICNUMBER='-1' MASK='1'/>
   <ATOM ID='95' NAME='H8A' RESID='3' RESNAME='OLEO' COORDS='(25.766,30.166,-11.576)' ALTLOC='' CHAINID='L' ICODE='' SEGID='L1' B='0' Q='0' CHARGE='0' MASS='1' ATOMICNUMBER='-1' MASK='1'/>
   <ATOM ID='96' NAME='H8B' RESID='3' RESNAME='OLEO' COORDS='(24.769,31.495,-11.095)' ALTLOC='' CHAINID='L' ICODE='' SEGID='L1' B='0' Q='0' CHARGE='0' MASS='1' ATOMICNUMBER='-1' MASK='1'/>
   <ATOM ID='97' NAME='C9' RESID='3' RESNAME='OLEO' COORDS='(25.841,30.547,-9.502)' ALTLOC='' CHAINID='L' ICODE='' SEGID='L1' B='0' Q='0' CHARGE='0' MASS='1' ATOMICNUMBER='-1' MASK='1'/>
   <ATOM ID='98' NAME='H9A' RESID='3' RESNAME='OLEO' COORDS='(26.87,30.273,-9.226)' ALTLOC='' CHAINID='L' ICODE='' SEGID='L1' B='0' Q='0' CHARGE='0' MASS='1' ATOMICNUMBER='-1' MASK='1'/>
   <ATOM ID='99' NAME='C10' RESID='3' RESNAME='OLEO' COORDS='(24.9,30.339,-8.515)' ALTLOC='' CHAINID='L' ICODE='' SEGID='L1' B='0' Q='0' CHARGE='0' MASS='1' ATOMICNUMBER='-1' MASK='1'/>
   <ATOM ID='100' NAME='H10A' RESID='3' RESNAME='OLEO' COORDS='(25.156,29.833,-7.572)' ALTLOC='' CHAINID='L' ICODE='' SEGID='L1' B='0' Q='0' CHARGE='0' MASS='1' ATOMICNUMBER='-1' MASK='1'/>
   <ATOM ID='101' NAME='C11' RESID='3' RESNAME='OLEO' COORDS='(23.399,30.604,-8.891)' ALTLOC='' CHAINID='L' ICODE='' SEGID='L1' B='0' Q='0' CHARGE='0' MASS='1' ATOMICNUMBER='-1' MASK='1'/>
   <ATOM ID='102' NAME='H11A' RESID='3' RESNAME='OLEO' COORDS='(22.962,29.582,-8.913)' ALTLOC='' CHAINID='L' ICODE='' SEGID='L1' B='0' Q='0' CHARGE='0' MASS='1' ATOMICNUMBER='-1' MASK='1'/>
   <ATOM ID='103' NAME='H11B' RESID='3' RESNAME='OLEO' COORDS='(23.27,31.048,-9.901)' ALTLOC='' CHAINID='L' ICODE='' SEGID='L1' B='0' Q='0' CHARGE='0' MASS='1' ATOMICNUMBER='-1' MASK='1'/>
   <ATOM ID='104' NAME='C12' RESID='3' RESNAME='OLEO' COORDS='(22.748,31.634,-7.984)' ALTLOC='' CHAINID='L' ICODE='' SEGID='L1' B='0' Q='0' CHARGE='0' MASS='1' ATOMICNUMBER='-1' MASK='1'/>
   <ATOM ID='105' NAME='H12A' RESID='3' RESNAME='OLEO' COORDS='(23.033,32.679,-8.23)' ALTLOC='' CHAINID='L' ICODE='' SEGID='L1' B='0' Q='0' CHARGE='0' MASS='1' ATOMICNUMBER='-1' MASK='1'/>
   <ATOM ID='106' NAME='H12B' RESID='3' RESNAME='OLEO' COORDS='(23.057,31.485,-6.927)' ALTLOC='' CHAINID='L' ICODE='' SEGID='L1' B='0' Q='0' CHARGE='0' MASS='1' ATOMICNUMBER='-1' MASK='1'/>
   <ATOM ID='107' NAME='C13' RESID='3' RESNAME='OLEO' COORDS='(21.218,31.648,-8.152)' ALTLOC='' CHAINID='L' ICODE='' SEGID='L1' B='0' Q='0' CHARGE='0' MASS='1' ATOMICNUMBER='-1' MASK='1'/>
   <ATOM ID='108' NAME='H13A' RESID='3' RESNAME='OLEO' COORDS='(20.752,30.689,-7.84)' ALTLOC='' CHAINID='L' ICODE='' SEGID='L1' B='0' Q='0' CHARGE='0' MASS='1' ATOMICNUMBER='-1' MASK='1'/>
   <ATOM ID='109' NAME='H13B' RESID='3' RESNAME='OLEO' COORDS='(21.042,31.752,-9.244)' ALTLOC='' CHAINID='L' ICODE='' SEGID='L1' B='0' Q='0' CHARGE='0' MASS='1' ATOMICNUMBER='-1' MASK='1'/>
   <ATOM ID='110' NAME='C14' RESID='3' RESNAME='OLEO' COORDS='(20.689,32.867,-7.318)' ALTLOC='' CHAINID='L' ICODE='' SEGID='L1' B='0' Q='0' CHARGE='0' MASS='1' ATOMICNUMBER='-1' MASK='1'/>
   <ATOM ID='111' NAME='H14A' RESID='3' RESNAME='OLEO' COORDS='(21.033,33.829,-7.753)' ALTLOC='' CHAINID='L' ICODE='' SEGID='L1' B='0' Q='0' CHARGE='0' MASS='1' ATOMICNUMBER='-1' MASK='1'/>
   <ATOM ID='112' NAME='H14B' RESID='3' RESNAME='OLEO' COORDS='(21.151,32.914,-6.309)' ALTLOC='' CHAINID='L' ICODE='' SEGID='L1' B='0' Q='0' CHARGE='0' MASS='1' ATOMICNUMBER='-1' MASK='1'/>
   <ATOM ID='113' NAME='C15' RESID='3' RESNAME='OLEO' COORDS='(19.198,32.857,-7.153)' ALTLOC='' CHAINID='L' ICODE='' SEGID='L1' B='0' Q='0' CHARGE='0' MASS='1' ATOMICNUMBER='-1' MASK='1'/>
   <ATOM ID='114' NAME='H15A' RESID='3' RESNAME='OLEO' COORDS='(18.829,32.156,-6.375)' ALTLOC='' CHAINID='L' ICODE='' SEGID='L1' B='0' Q='0' CHARGE='0' MASS='1' ATOMICNUMBER='-1' MASK='1'/>
   <ATOM ID='115' NAME='H15B' RESID='3' RESNAME='OLEO' COORDS='(18.703,32.659,-8.128)' ALTLOC='' CHAINID='L' ICODE='' SEGID='L1' B='0' Q='0' CHARGE='0' MASS='1' ATOMICNUMBER='-1' MASK='1'/>
   <ATOM ID='116' NAME='C16' RESID='3' RESNAME='OLEO' COORDS='(18.666,34.235,-6.676)' ALTLOC='' CHAINID='L' ICODE='' SEGID='L1' B='0' Q='0' CHARGE='0' MASS='1' ATOMICNUMBER='-1' MASK='1'/>
   <ATOM ID='117' NAME='H16A' RESID='3' RESNAME='OLEO' COORDS='(18.887,35.057,-7.39)' ALTLOC='' CHAINID='L' ICODE='' SEGID='L1' B='0' Q='0' CHARGE='0' MASS='1' ATOMICNUMBER='-1' MASK='1'/>
   <ATOM ID='118' NAME='H16B' RESID='3' RESNAME='OLEO' COORDS='(19.209,34.672,-5.811)' ALTLOC='' CHAINID='L' ICODE='' SEGID='L1' B='0' Q='0' CHARGE='0' MASS='1' ATOMICNUMBER='-1' MASK='1'/>
   <ATOM ID='119' NAME='C17' RESID='3' RESNAME='OLEO' COORDS='(17.17,34.143,-6.398)' ALTLOC='' CHAINID='L' ICODE='' SEGID='L1' B='0' Q='0' CHARGE='0' MASS='1' ATOMICNUMBER='-1' MASK='1'/>
   <ATOM ID='120' NAME='H17A' RESID='3' RESNAME='OLEO' COORDS='(16.864,33.45,-5.585)' ALTLOC='' CHAINID='L' ICODE='' SEGID='L1' B='0' Q='0' CHARGE='0' MASS='1' ATOMICNUMBER='-1' MASK='1'/>
   <ATOM ID='121' NAME='H17B' RESID='3' RESNAME='OLEO' COORDS='(16.583,33.758,-7.259)' ALTLOC='' CHAINID='L' ICODE='' SEGID='L1' B='0' Q='0' CHARGE='0' MASS='1' ATOMICNUMBER='-1' MASK='1'/>
   <ATOM ID='122' NAME='C18' RESID='3' RESNAME='OLEO' COORDS='(16.547,35.54,-6.141)' ALTLOC='' CHAINID='L' ICODE='' SEGID='L1' B='0' Q='0' CHARGE='0' MASS='1' ATOMICNUMBER='-1' MASK='1'/>
   <ATOM ID='123' NAME='H18A' RESID='3' RESNAME='OLEO' COORDS='(16.737,35.899,-5.107)' ALTLOC='' CHAINID='L' ICODE='' SEGID='L1' B='0' Q='0' CHARGE='0' MASS='1' ATOMICNUMBER='-1' MASK='1'/>
   <ATOM ID='124' NAME='H18B' RESID='3' RESNAME='OLEO' COORDS='(16.783,36.39,-6.817)' ALTLOC='' CHAINID='L' ICODE='' SEGID='L1' B='0' Q='0' CHARGE='0' MASS='1' ATOMICNUMBER='-1' MASK='1'/>
   <ATOM ID='125' NAME='H18C' RESID='3' RESNAME='OLEO' COORDS='(15.443,35.465,-6.041)' ALTLOC='' CHAINID='L' ICODE='' SEGID='L1' B='0' Q='0' CHARGE='0' MASS='1' ATOMICNUMBER='-1' MASK='1'/>
</GROUP>
==> lipid1 -> protein without box
*** 20 angstroms
<GROUP>
</GROUP>
==> lipid1 -> protein with box
*** 20 angstroms
<GROUP>
   <ATOM ID='1' NAME='C1' RESID='1' RESNAME='PALM' COORDS='(29.814,37.27,-20.674)' ALTLOC='' CHAINID='L' ICODE='' SEGID='L1' B='0' Q='0' CHARGE='0' MASS='1' ATOMICNUMBER='-1' MASK='1'/>
   <ATOM ID='2' NAME='O1' RESID='1' RESNAME='PALM' COORDS='(29.735,37.519,-21.893)' ALTLOC='' CHAINID='L' ICODE='' SEGID='L1' B='0' Q='0' CHARGE='0' MASS='1' ATOMICNUMBER='-1' MASK='1'/>
   <ATOM ID='3' NAME='C2' RESID='1' RESNAME='PALM' COORDS='(29.988,38.176,-19.449)' ALTLOC='' CHAINID='L' ICODE='' SEGID='L1' B='0' Q='0' CHARGE='0' MASS='1' ATOMICNUMBER='-1' MASK='1'/>
   <ATOM ID='4' NAME='H2A' RESID='1' RESNAME='PALM' COORDS='(29.435,39.06,-19.833)' ALTLOC='' CHAINID='L' ICODE='' SEGID='L1' B='0' Q='0' CHARGE='0' MASS='1' ATOMICNUMBER='-1' MASK='1'/>
   <ATOM ID='5' NAME='H2B' RESID='1' RESNAME='PALM' COORDS='(31.089,38.321,-19.4)' ALTLOC='' CHAINID='L' ICODE='' SEGID='L1' B='0' Q='0' CHARGE='0' MASS='1' ATOMICNUMBER='-1' MASK='1'/>
   <ATOM ID='6' NAME='C3' RESID='1' RESNAME='PALM' COORDS='(29.473,37.819,-17.988)' ALTLOC='' CHAINID='L' ICODE='' SEGID='L1' B='0' Q='0' CHARGE='0' MASS='1' ATOMICNUMBER='-1' MASK='1'/>
   <ATOM ID='7' NAME='H3A' RESID='1' RESNAME='PALM' COORDS='(28.464,37.4,-17.79)' ALTLOC='' CHAINID='L' ICODE='' SEGID='L1' B='0' Q='0' CHARGE='0' MASS='1' ATOMICNUMBER='-1' MASK='1'/>
   <ATOM ID='8' NAME='H3B' RESID='1' RESNAME='PALM' COORDS='(29.698,38.736,-17.404)' ALTLOC='' CHAINID='L' ICODE='' SEGID='L1' B='0' Q='0' CHARGE='0' MASS='1' ATOMICNUMBER='-1' MASK='1'/>
   <ATOM ID='9' NAME='C4' RESID='1' RESNAME='PALM' COORDS='(30.259,36.705,-17.245)' ALTLOC='' CHAINID='L' ICODE='' SEGID='L1' B='0' Q='0' CHARGE='0' MASS='1' ATOMICNUMBER='-1' MASK='1'/>
   <ATOM ID='10' NAME='H4A' RESID='1' RESNAME='PALM' COORDS='(31.341,36.895,-17.413)' ALTLOC='' CHAINID='L' ICODE='' SEGID='L1' B='0' Q='0' CHARGE='0' MASS='1' ATOMICNUMBER='-1' MASK='1'/>
   <ATOM ID='11' NAME='H4B' RESID='1' RESNAME='PALM' COORDS='(29.944,35.68,-17.538)' ALTLOC='' CHAINID='L' ICODE='' SEGID='L1' B='0' Q='0' CHARGE='0' MASS='1' ATOMICNUMBER='-1' MASK='1'/>
   <ATOM ID='12' NAME='C5' RESID='1' RESNAME='PALM' COORDS='(30.014,36.754,-15.683)' ALTLOC='' CHAINID='L' ICODE='' SEGID='L1' B='0' Q='0' CHARGE='0' MASS='1' ATOMICNUMBER='-1' MASK='1'/>
   <ATOM ID='13' NAME='H5A' RESID='1' RESNAME='PALM' COORDS='(28.906,36.834,-15.651)' ALTLOC='' CHAINID='L' ICODE='' SEGID='L1' B='0' Q='0' CHARGE='0' MASS='1' ATOMICNUMBER='-1' MASK='1'/>
   <ATOM ID='14' NAME='H5B' RESID='1' RESNAME='PALM' COORDS='(30.477,37.623,-15.17)' ALTLOC='' CHAINID='L' ICODE='' SEGID='L1' B='0' Q='0' CHARGE='0' MASS='1' ATOMICNUMBER='-1' MASK='1'/>
   <ATOM ID='15' NAME='C6' RESID='1' RESNAME='PALM' COORDS='(30.521,35.463,-15.058)' ALTLOC='' CHAINID='L' ICODE='' SEGID='L1' B='0' Q='0' CHARGE='0' MASS='1' ATOMICNUMBER='-1' MASK='1'/>
   <ATOM ID='16' NAME='H6A' RESID='1' RESNAME='PALM' COORDS='(31.609,35.343,-15.249)' ALTLOC='' CHAINID='L' ICODE='' SEGID='L1' B='0' Q='0' CHARGE='0' MASS='1' ATOMICNUMBER='-1' MASK='1'/>
   <ATOM ID='17' NAME='H6B' RESID='1' RESNAME='PALM' COORDS='(30.089,34.529,-15.478)' ALTLOC='' CHAINID='L' ICODE='' SEGID='L1' B='0' Q='0' CHARGE='0' MASS='1' ATOMICNUMBER='-1' MASK='1'/>
   <ATOM ID='18' NAME='C7' RESID='1' RESNAME='PALM' COORDS='(30.235,35.331,-13.527)' ALTLOC='' CHAINID='L' ICODE='' SEGID='L1' B='0' Q='0' CHARGE='0' MASS='1' ATOMICNUMBER='-1' MASK='1'/>
   <ATOM ID='19' NAME='H7A' RESID='1' RESNAME='PALM' COORDS='(29.148,35.304,-13.297)' ALTLOC='' CHAINID='L' ICODE='' SEGID='L1' B='0' Q='0' CHARGE='0' MASS='1' ATOMICNUMBER='-1' MASK='1'/>
   <ATOM ID='20' NAME='H7B' RESID='1' RESNAME='PALM' COORDS='(30.664,36.214,-13.007)' ALTLOC='' CHAINID='L' ICODE='' SEGID='L1' B='0' Q='0' CHARGE='0' MASS='1' ATOMICNUMBER='-1' MASK='1'/>
   <ATOM ID='21' NAME='C8' RESID='1' RESNAME='PALM' COORDS='(30.787,33.96,-12.992)' ALTLOC='' CHAINID='L' ICODE='' SEGID='L1' B='0' Q='0' CHARGE='0' MASS='1' ATOMICNUMBER='-1' MASK='1'/>
   <ATOM ID='22' NAME='H8A' RESID='1' RESNAME='PALM' COORDS='(31.888,33.98,-13.14)' ALTLOC='' CHAINID='L' ICODE='' SEGID='L1' B='0' Q='0' CHARGE='0' MASS='1' ATOMICNUMBER='-1' MASK='1'/>
   <ATOM ID='23' NAME='H8B' RESID='1' RESNAME='PALM' COORDS='(30.275,33.16,-13.568)' ALTLOC='' CHAINID='L' ICODE='' SEGID='L1' B='0' Q='0' CHARGE='0' MASS='1' ATOMICNUMBER='-1' MASK='1'/>
   <ATOM ID='24' NAME='C9' RESID='1' RESNAME='PALM' COORDS='(30.585,33.963,-11.452)' ALTLOC='' CHAINID='L' ICODE='' SEGID='L1' B='0' Q='0' CHARGE='0' MASS='1' ATOMICNUMBER='-1' MASK='1'/>
   <ATOM ID='25' NAME='H9A' RESID='1' RESNAME='PALM' COORDS='(29.484,34.053,-11.336)' ALTLOC='' CHAINID='L' ICODE='' SEGID='L1' B='0' Q='0' CHARGE='0' MASS='1' ATOMICNUMBER='-1' MASK='1'/>
   <ATOM ID='26' NAME='H9B' RESID='1' RESNAME='PALM' COORDS='(30.929,34.847,-10.874)' ALTLOC='' CHAINID='L' ICODE='' SEGID='L1' B='0' Q='0' CHARGE='0' MASS='1' ATOMICNUMBER='-1' MASK='1'/>
   <ATOM ID='27' NAME='C10' RESID='1' RESNAME='PALM' COORDS='(31.136,32.728,-10.777)' ALTLOC='' CHAINID='L' ICODE='' SEGID='L1' B='0' Q='0' CHARGE='0' MASS='1' ATOMICNUMBER='-1' MASK='1'/>
   <ATOM ID='28' NAME='H10A' RESID='1' RESNAME='PALM' COORDS='(32.177,32.658,-11.158)' ALTLOC='' CHAINID='L' ICODE='' SEGID='L1' B='0' Q='0' CHARGE='0' MASS='1' ATOMICNUMBER='-1' MASK='1'/>
   <ATOM ID='29' NAME='H10B' RESID='1' RESNAME='PALM' COORDS='(30.743,31.758,-11.148)' ALTLOC='' CHAINID='L' ICODE='' SEGID='L1' B='0' Q='0' CHARGE='0' MASS='1' ATOMICNUMBER='-1' MASK='1'/>
   <ATOM ID='30' NAME='C11' RESID='1' RESNAME='PALM' COORDS='(31.14,32.693,-9.214)' ALTLOC='' CHAINID='L' ICODE='' SEGID='L1' B='0' Q='0' CHARGE='0' MASS='1' ATOMICNUMBER='-1' MASK='1'/>
   <ATOM ID='31' NAME='H11A' RESID='1' RESNAME='PALM' COORDS='(31.65,33.652,-8.982)' ALTLOC='' CHAINID='L' ICODE='' SEGID='L1' B='0' Q='0' CHARGE='0' MASS='1' ATOMICNUMBER='-1' MASK='1'/>
   <ATOM ID='32' NAME='H11B' RESID='1' RESNAME='PALM' COORDS='(31.74,31.839,-8.832)' ALTLOC='' CHAINID='L' ICODE='' SEGID='L1' B='0' Q='0' CHARGE='0' MASS='1' ATOMICNUMBER='-1' MASK='1'/>
   <ATOM ID='33' NAME='C12' RESID='1' RESNAME='PALM' COORDS='(29.73,32.795,-8.732)' ALTLOC='' CHAINID='L' ICODE='' SEGID='L1' B='0' Q='0' CHARGE='0' MASS='1' ATOMICNUMBER='-1' MASK='1'/>
   <ATOM ID='34' NAME='H12A' RESID='1' RESNAME='PALM' COORDS='(29.06,32.293,-9.463)' ALTLOC='' CHAINID='L' ICODE='' SEGID='L1' B='0' Q='0' CHARGE='0' MASS='1' ATOMICNUMBER='-1' MASK='1'/>
   <ATOM ID='35' NAME='H12B' RESID='1' RESNAME='PALM' COORDS='(29.406,33.848,-8.592)' ALTLOC='' CHAINID='L' ICODE='' SEGID='L1' B='0' Q='0' CHARGE='0' MASS='1' ATOMICNUMBER='-1' MASK='1'/>
   <ATOM ID='36' NAME='C13' RESID='1' RESNAME='PALM' COORDS='(29.687,32.315,-7.268)' ALTLOC='' CHAINID='L' ICODE='' SEGID='L1' B='0' Q='0' CHARGE='0' MASS='1' ATOMICNUMBER='-1' MASK='1'/>
   <ATOM ID='37' NAME='H13A' RESID='1' RESNAME='PALM' COORDS='(30.078,33.091,-6.576)' ALTLOC='' CHAINID='L' ICODE='' SEGID='L1' B='0' Q='0' CHARGE='0' MASS='1' ATOMICNUMBER='-1' MASK='1'/>
   <ATOM ID='38' NAME='H13B' RESID='1' RESNAME='PALM' COORDS='(30.19,31.332,-7.152)' ALTLOC='' CHAINID='L' ICODE='' SEGID='L1' B='0' Q='0' CHARGE='0' MASS='1' ATOMICNUMBER='-1' MASK='1'/>
   <ATOM ID='39' NAME='C14' RESID='1' RESNAME='PALM' COORDS='(28.29,32.123,-6.632)' ALTLOC='' CHAINID='L' ICODE='' SEGID='L1' B='0' Q='0' CHARGE='0' MASS='1' ATOMICNUMBER='-1' MASK='1'/>
   <ATOM ID='40' NAME='H14A' RESID='1' RESNAME='PALM' COORDS='(27.867,31.182,-7.044)' ALTLOC='' CHAINID='L' ICODE='' SEGID='L1' B='0' Q='0' CHARGE='0' MASS='1' ATOMICNUMBER='-1' MASK='1'/>
   <ATOM ID='41' NAME='H14B' RESID='1' RESNAME='PALM' COORDS='(27.635,32.993,-6.853)' ALTLOC='' CHAINID='L' ICODE='' SEGID='L1' B='0' Q='0' CHARGE='0' MASS='1' ATOMICNUMBER='-1' MASK='1'/>
   <ATOM ID='42' NAME='C15' RESID='1' RESNAME='PALM' COORDS='(28.3,31.906,-5.123)' ALTLOC='' CHAINID='L' ICODE='' SEGID='L1' B='0' Q='0' CHARGE='0' MASS='1' ATOMICNUMBER='-1' MASK='1'/>
   <ATOM ID='43' NAME='H15A' RESID='1' RESNAME='PALM' COORDS='(29.051,31.146,-4.818)' ALTLOC='' CHAINID='L' ICODE='' SEGID='L1' B='0' Q='0' CHARGE='0' MASS='1' ATOMICNUMBER='-1' MASK='1'/>
   <ATOM ID='44' NAME='H15B' RESID='1' RESNAME='PALM' COORDS='(27.395,31.409,-4.713)' ALTLOC='' CHAINID='L' ICODE='' SEGID='L1' B='0' Q='0' CHARGE='0' MASS='1' ATOMICNUMBER='-1' MASK='1'/>
   <ATOM ID='45' NAME='C16' RESID='1' RESNAME='PALM' COORDS='(28.654,33.142,-4.256)' ALTLOC='' CHAINID='L' ICODE='' SEGID='L1' B='0' Q='0' CHARGE='0' MASS='1' ATOMICNUMBER='-1' MASK='1'/>
   <ATOM ID='46' NAME='H16A' RESID='1' RESNAME='PALM' COORDS='(29.522,33.736,-4.614)' ALTLOC='' CHAINID='L' ICODE='' SEGID='L1' B='0' Q='0' CHARGE='0' MASS='1' ATOMICNUMBER='-1' MASK='1'/>
   <ATOM ID='47' NAME='H16B' RESID='1' RESNAME='PALM' COORDS='(27.759,33.79,-4.137)' ALTLOC='' CHAINID='L' ICODE='' SEGID='L1' B='0' Q='0' CHARGE='0' MASS='1' ATOMICNUMBER='-1' MASK='1'/>
   <ATOM ID='48' NAME='H16C' RESID='1' RESNAME='PALM' COORDS='(28.929,32.757,-3.25)' ALTLOC='' CHAINID='L' ICODE='' SEGID='L1' B='0' Q='0' CHARGE='0' MASS='1' ATOMICNUMBER='-1' MASK='1'/>
   <ATOM ID='49' NAME='N' RESID='2' RESNAME='PEGL' COORDS='(26.838,34.545,-25.993)' ALTLOC='' CHAINID='L' ICODE='' SEGID='L1' B='0' Q='0' CHARGE='0' MASS='1' ATOMICNUMBER='-1' MASK='1'/>
   <ATOM ID='50' NAME='C5' RESID='2' RESNAME='PEGL' COORDS='(27.737,34.882,-24.843)' ALTLOC='' CHAINID='L' ICODE='' SEGID='L1' B='0' Q='0' CHARGE='0' MASS='1' ATOMICNUMBER='-1' MASK='1'/>
   <ATOM ID='51' NAME='HN1' RESID='2' RESNAME='PEGL' COORDS='(26.027,35.191,-26.079)' ALTLOC='' CHAINID='L' ICODE='' SEGID='L1' B='0' Q='0' CHARGE='0' MASS='1' ATOMICNUMBER='-1' MASK='1'/>
   <ATOM ID='52' NAME='HN2' RESID='2' RESNAME='PEGL' COORDS='(26.388,33.64,-25.75)' ALTLOC='' CHAINID='L' ICODE='' SEGID='L1' B='0' Q='0' CHARGE='0' MASS='1' ATOMICNUMBER='-1' MASK='1'/>
   <ATOM ID='53' NAME='HN3' RESID='2' RESNAME='PEGL' COORDS='(27.455,34.433,-26.823)' ALTLOC='' CHAINID='L' ICODE='' SEGID='L1' B='0' Q='0' CHARGE='0' MASS='1' ATOMICNUMBER='-1' MASK='1'/>
   <ATOM ID='54' NAME='H5A' RESID='2' RESNAME='PEGL' COORDS='(27.219,34.588,-23.905)' ALTLOC='' CHAINID='L' ICODE='' SEGID='L1' B='0' Q='0' CHARGE='0' MASS='1' ATOMICNUMBER='-1' MASK='1'/>
   <ATOM ID='55' NAME='H5B' RESID='2' RESNAME='PEGL' COORDS='(28.029,35.952,-24.915)' ALTLOC='' CHAINID='L' ICODE='' SEGID='L1' B='0' Q='0' CHARGE='0' MASS='1' ATOMICNUMBER='-1' MASK='1'/>
   <ATOM ID='56' NAME='C4' RESID='2' RESNAME='PEGL' COORDS='(29.069,34.134,-24.841)' ALTLOC='' CHAINID='L' ICODE='' SEGID='L1' B='0' Q='0' CHARGE='0' MASS='1' ATOMICNUMBER='-1' MASK='1'/>
   <ATOM ID='57' NAME='H4A' RESID='2' RESNAME='PEGL' COORDS='(29.731,34.724,-24.171)' ALTLOC='' CHAINID='L' ICODE='' SEGID='L1' B='0' Q='0' CHARGE='0' MASS='1' ATOMICNUMBER='-1' MASK='1'/>
   <ATOM ID='58' NAME='H4B' RESID='2' RESNAME='PEGL' COORDS='(29.379,34.286,-25.897)' ALTLOC='' CHAINID='L' ICODE='' SEGID='L1' B='0' Q='0' CHARGE='0' MASS='1' ATOMICNUMBER='-1' MASK='1'/>
   <ATOM ID='59' NAME='P' RESID='2' RESNAME='PEGL' COORDS='(30.075,31.912,-23.922)' ALTLOC='' CHAINID='L' ICODE='' SEGID='L1' B='0' Q='0' CHARGE='0' MASS='1' ATOMICNUMBER='-1' MASK='1'/>
   <ATOM ID='60' NAME='OP3' RESID='2' RESNAME='PEGL' COORDS='(31.276,32.25,-24.636)' ALTLOC='' CHAINID='L' ICODE='' SEGID='L1' B='0' Q='0' CHARGE='0' MASS='1' ATOMICNUMBER='-1' MASK='1'/>
   <ATOM ID='61' NAME='OP4' RESID='2' RESNAME='PEGL' COORDS='(29.69,30.487,-23.97)' ALTLOC='' CHAINID='L' ICODE='' SEGID='L1' B='0' Q='0' CHARGE='0' MASS='1' ATOMICNUMBER='-1' MASK='1'/>
   <ATOM ID='62' NAME='OP1' RESID='2' RESNAME='PEGL' COORDS='(30.074,32.497,-22.538)' ALTLOC='' CHAINID='L' ICODE='' SEGID='L1' B='0' Q='0' CHARGE='0' MASS='1' ATOMICNUMBER='-1' MASK='1'/>
   <ATOM ID='63' NAME='OP2' RESID='2' RESNAME='PEGL' COORDS='(28.91,32.765,-24.452)' ALTLOC='' CHAINID='L' ICODE='' SEGID='L1' B='0' Q='0' CHARGE='0' MASS='1' ATOMICNUMBER='-1' MASK='1'/>
   <ATOM ID='64' NAME='C3' RESID='2' RESNAME='PEGL' COORDS='(29.004,32.447,-21.643)' ALTLOC='' CHAINID='L' ICODE='' SEGID='L1' B='0' Q='0' CHARGE='0' MASS='1' ATOMICNUMBER='-1' MASK='1'/>
   <ATOM ID='65' NAME='H3A' RESID='2' RESNAME='PEGL' COORDS='(28.998,31.536,-21.009)' ALTLOC='' CHAINID='L' ICODE='' SEGID='L1' B='0' Q='0' CHARGE='0' MASS='1' ATOMICNUMBER='-1' MASK='1'/>
   <ATOM ID='66' NAME='H3B' RESID='2' RESNAME='PEGL' COORDS='(28.03,32.52,-22.172)' ALTLOC='' CHAINID='L' ICODE='' SEGID='L1' B='0' Q='0' CHARGE='0' MASS='1' ATOMICNUMBER='-1' MASK='1'/>
   <ATOM ID='67' NAME='C2' RESID='2' RESNAME='PEGL' COORDS='(29.232,33.6,-20.669)' ALTLOC='' CHAINID='L' ICODE='' SEGID='L1' B='0' Q='0' CHARGE='0' MASS='1' ATOMICNUMBER='-1' MASK='1'/>
   <ATOM ID='68' NAME='H2A' RESID='2' RESNAME='PEGL' COORDS='(30.205,33.437,-20.157)' ALTLOC='' CHAINID='L' ICODE='' SEGID='L1' B='0' Q='0' CHARGE='0' MASS='1' ATOMICNUMBER='-1' MASK='1'/>
   <ATOM ID='69' NAME='O2' RESID='2' RESNAME='PEGL' COORDS='(28.163,33.516,-19.655)' ALTLOC='' CHAINID='L' ICODE='' SEGID='L1' B='0' Q='0' CHARGE='0' MASS='1' ATOMICNUMBER='-1' MASK='1'/>
   <ATOM ID='70' NAME='C1' RESID='2' RESNAME='PEGL' COORDS='(29.202,35.035,-21.235)' ALTLOC='' CHAINID='L' ICODE='' SEGID='L1' B='0' Q='0' CHARGE='0' MASS='1' ATOMICNUMBER='-1' MASK='1'/>
   <ATOM ID='71' NAME='H1A' RESID='2' RESNAME='PEGL' COORDS='(30.073,35.073,-21.924)' ALTLOC='' CHAINID='L' ICODE='' SEGID='L1' B='0' Q='0' CHARGE='0' MASS='1' ATOMICNUMBER='-1' MASK='1'/>
   <ATOM ID='72' NAME='H1B' RESID='2' RESNAME='PEGL' COORDS='(28.203,35.351,-21.606)' ALTLOC='' CHAINID='L' ICODE='' SEGID='L1' B='0' Q='0' CHARGE='0' MASS='1' ATOMICNUMBER='-1' MASK='1'/>
   <ATOM ID='73' NAME='O1' RESID='2' RESNAME='PEGL' COORDS='(29.589,35.985,-20.212)' ALTLOC='' CHAINID='L' ICODE='' SEGID='L1' B='0' Q='0' CHARGE='0' MASS='1' ATOMICNUMBER='-1' MASK='1'/>
   <ATOM ID='74' NAME='C1' RESID='3' RESNAME='OLEO' COORDS='(28.544,33.347,-18.38)' ALTLOC='' CHAINID='L' ICODE='' SEGID='L1' B='0' Q='0' CHARGE='0' MASS='1' ATOMICNUMBER='-1' MASK='1'/>
   <ATOM ID='75' NAME='O1' RESID='3' RESNAME='OLEO' COORDS='(29.711,33.162,-17.992)' ALTLOC='' CHAINID='L' ICODE='' SEGID='L1' B='0' Q='0' CHARGE='0' MASS='1' ATOMICNUMBER='-1' MASK='1'/>
   <ATOM ID='76' NAME='C2' RESID='3' RESNAME='OLEO' COORDS='(27.32,33.17,-17.521)' ALTLOC='' CHAINID='L' ICODE='' SEGID='L1' B='0' Q='0' CHARGE='0' MASS='1' ATOMICNUMBER='-1' MASK='1'/>
   <ATOM ID='77' NAME='H2A' RESID='3' RESNAME='OLEO' COORDS='(26.572,32.625,-18.135)' ALTLOC='' CHAINID='L' ICODE='' SEGID='L1' B='0' Q='0' CHARGE='0' MASS='1' ATOMICNUMBER='-1' MASK='1'/>
   <ATOM ID='78' NAME='H2B' RESID='3' RESNAME='OLEO' COORDS='(26.958,34.208,-17.366)' ALTLOC='' CHAINID='L' ICODE='' SEGID='L1' B='0' Q='0' CHARGE='0' MASS='1' ATOMICNUMBER='-1' MASK='1'/>
   <ATOM ID='79' NAME='C3' RESID='3' RESNAME='OLEO' COORDS='(27.717,32.599,-16.052)' ALTLOC='' CHAINID='L' ICODE='' SEGID='L1' B='0' Q='0' CHARGE='0' MASS='1' ATOMICNUMBER='-1' MASK='1'/>
   <ATOM ID='80' NAME='H3A' RESID='3' RESNAME='OLEO' COORDS='(28.178,33.424,-15.469)' ALTLOC='' CHAINID='L' ICODE='' SEGID='L1' B='0' Q='0' CHARGE='0' MASS='1' ATOMICNUMBER='-1' MASK='1'/>
   <ATOM ID='81' NAME='H3B' RESID='3' RESNAME='OLEO' COORDS='(28.395,31.72,-16.104)' ALTLOC='' CHAINID='L' ICODE='' SEGID='L1' B='0' Q='0' CHARGE='0' MASS='1' ATOMICNUMBER='-1' MASK='1'/>
   <ATOM ID='82' NAME='C4' RESID='3' RESNAME='OLEO' COORDS='(26.471,32.064,-15.302)' ALTLOC='' CHAINID='L' ICODE='' SEGID='L1' B='0' Q='0' CHARGE='0' MASS='1' ATOMICNUMBER='-1' MASK='1'/>
   <ATOM ID='83' NAME='H4A' RESID='3' RESNAME='OLEO' COORDS='(26.062,31.272,-15.965)' ALTLOC='' CHAINID='L' ICODE='' SEGID='L1' B='0' Q='0' CHARGE='0' MASS='1' ATOMICNUMBER='-1' MASK='1'/>
   <ATOM ID='84' NAME='H4B' RESID='3' RESNAME='OLEO' COORDS='(25.607,32.76,-15.258)' ALTLOC='' CHAINID='L' ICODE='' SEGID='L1' B='0' Q='0' CHARGE='0' MASS='1' ATOMICNUMBER='-1' MASK='1'/>
   <ATOM ID='85' NAME='C5' RESID='3' RESNAME='OLEO' COORDS='(26.711,31.547,-13.863)' ALTLOC='' CHAINID='L' ICODE='' SEGID='L1' B='0' Q='0' CHARGE='0' MASS='1' ATOMICNUMBER='-1' MASK='1'/>
   <ATOM ID='86' NAME='H5A' RESID='3' RESNAME='OLEO' COORDS='(27.721,31.086,-13.83)' ALTLOC='' CHAINID='L' ICODE='' SEGID='L1' B='0' Q='0' CHARGE='0' MASS='1' ATOMICNUMBER='-1' MASK='1'/>
   <ATOM ID='87' NAME='H5B' RESID='3' RESNAME='OLEO' COORDS='(26.038,30.689,-13.649)' ALTLOC='' CHAINID='L' ICODE='' SEGID='L1' B='0' Q='0' CHARGE='0' MASS='1' ATOMICNUMBER='-1' MASK='1'/>
   <ATOM ID='88' NAME='C6' RESID='3' RESNAME='OLEO' COORDS='(26.598,32.672,-12.788)' ALTLOC='' CHAINID='L' ICODE='' SEGID='L1' B='0' Q='0' CHARGE='0' MASS='1' ATOMICNUMBER='-1' MASK='1'/>
   <ATOM ID='89' NAME='H6A' RESID='3' RESNAME='OLEO' COORDS='(25.656,33.26,-12.821)' ALTLOC='' CHAINID='L' ICODE='' SEGID='L1' B='0' Q='0' CHARGE='0' MASS='1' ATOMICNUMBER='-1' MASK='1'/>
   <ATOM ID='90' NAME='H6B' RESID='3' RESNAME='OLEO' COORDS='(27.367,33.418,-13.083)' ALTLOC='' CHAINID='L' ICODE='' SEGID='L1' B='0' Q='0' CHARGE='0' MASS='1' ATOMICNUMBER='-1' MASK='1'/>
   <ATOM ID='91' NAME='C7' RESID='3' RESNAME='OLEO' COORDS='(26.814,32.036,-11.292)' ALTLOC='' CHAINID='L' ICODE='' SEGID='L1' B='0' Q='0' CHARGE='0' MASS='1' ATOMICNUMBER='-1' MASK='1'/>
   <ATOM ID='92' NAME='H7A' RESID='3' RESNAME='OLEO' COORDS='(26.889,32.886,-10.58)' ALTLOC='' CHAINID='L' ICODE='' SEGID='L1' B='0' Q='0' CHARGE='0' MASS='1' ATOMICNUMBER='-1' MASK='1'/>
   <ATOM ID='93' NAME='H7B' RESID='3' RESNAME='OLEO' COORDS='(27.86,31.667,-11.365)' ALTLOC='' CHAINID='L' ICODE='' SEGID='L1' B='0' Q='0' CHARGE='0' MASS='1' ATOMICNUMBER='-1' MASK='1'/>
   <ATOM ID='94' NAME='C8' RESID='3' RESNAME='OLEO' COORDS='(25.756,31.032,-10.88)' ALTLOC='' CHAINID='L' ICODE='' SEGID='L1' B='0' Q='0' CHARGE='0' MASS='1' ATOMICNUMBER='-1' MASK='1'/>
   <ATOM ID='95' NAME='H8A' RESID='3' RESNAME='OLEO' COORDS='(25.766,30.166,-11.576)' ALTLOC='' CHAINID='L' ICODE='' SEGID='L1' B='0' Q='0' CHARGE='0' MASS='1' ATOMICNUMBER='-1' MASK='1'/>
   <ATOM ID='96' NAME='H8B' RESID='3' RESNAME='OLEO' COORDS='(24.769,31.495,-11.095)' ALTLOC='' CHAINID='L' ICODE='' SEGID='L1' B='0' Q='0' CHARGE='0' MASS='1' ATOMICNUMBER='-1' MASK='1'/>
   <ATOM ID='97' NAME='C9' RESID='3' RESNAME='OLEO' COORDS='(25.841,30.547,-9.502)' ALTLOC='' CHAINID='L' ICODE='' SEGID='L1' B='0' Q='0' CHARGE='0' MASS='1' ATOMICNUMBER='-1' MASK='1'/>
   <ATOM ID='98' NAME='H9A' RESID='3' RESNAME='OLEO' COORDS='(26.87,30.273,-9.226)' ALTLOC='' CHAINID='L' ICODE='' SEGID='L1' B='0' Q='0' CHARGE='0' MASS='1' ATOMICNUMBER='-1' MASK='1'/>
   <ATOM ID='99' NAME='C10' RESID='3' RESNAME='OLEO' COORDS='(24.9,30.339,-8.515)' ALTLOC='' CHAINID='L' ICODE='' SEGID='L1' B='0' Q='0' CHARGE='0' MASS='1' ATOMICNUMBER='-1' MASK='1'/>
   <ATOM ID='100' NAME='H10A' RESID='3' RESNAME='OLEO' COORDS='(25.156,29.833,-7.572)' ALTLOC='' CHAINID='L' ICODE='' SEGID='L1' B='0' Q='0' CHARGE='0' MASS='1' ATOMICNUMBER='-1' MASK='1'/>
   <ATOM ID='101' NAME='C11' RESID='3' RESNAME='OLEO' COORDS='(23.399,30.604,-8.891)' ALTLOC='' CHAINID='L' ICODE='' SEGID='L1' B='0' Q='0' CHARGE='0' MASS='1' ATOMICNUMBER='-1' MASK='1'/>
   <ATOM ID='102' NAME='H11A' RESID='3' RESNAME='OLEO' COORDS='(22.962,29.582,-8.913)' ALTLOC='' CHAINID='L' ICODE='' SEGID='L1' B='0' Q='0' CHARGE='0' MASS='1' ATOMICNUMBER='-1' MASK='1'/>
   <ATOM ID='103' NAME='H11B' RESID='3' RESNAME='OLEO' COORDS='(23.27,31.048,-9.901)' ALTLOC='' CHAINID='L' ICODE='' SEGID='L1' B='0' Q='0' CHARGE='0' MASS='1' ATOMICNUMBER='-1' MASK='1'/>
   <ATOM ID='104' NAME='C12' RESID='3' RESNAME='OLEO' COORDS='(22.748,31.634,-7.984)' ALTLOC='' CHAINID='L' ICODE='' SEGID='L1' B='0' Q='0' CHARGE='0' MASS='1' ATOMICNUMBER='-1' MASK='1'/>
   <ATOM ID='105' NAME='H12A' RESID='3' RESNAME='OLEO' COORDS='(23.033,32.679,-8.23)' ALTLOC='' CHAINID='L' ICODE='' SEGID='L1' B='0' Q='0' CHARGE='0' MASS='1' ATOMICNUMBER='-1' MASK='1'/>
   <ATOM ID='106' NAME='H12B' RESID='3' RESNAME='OLEO' COORDS='(23.057,31.485,-6.927)' ALTLOC='' CHAINID='L' ICODE='' SEGID='L1' B='0' Q='0' CHARGE='0' MASS='1' ATOMICNUMBER='-1' MASK='1'/>
   <ATOM ID='107' NAME='C13' RESID='3' RESNAME='OLEO' COORDS='(21.218,31.648,-8.152)' ALTLOC='' CHAINID='L' ICODE='' SEGID='L1' B='0' Q='0' CHARGE='0' MASS='1' ATOMICNUMBER='-1' MASK='1'/>
   <ATOM ID='108' NAME='H13A' RESID='3' RESNAME='OLEO' COORDS='(20.752,30.689,-7.84)' ALTLOC='' CHAINID='L' ICODE='' SEGID='L1' B='0' Q='0' CHARGE='0' MASS='1' ATOMICNUMBER='-1' MASK='1'/>
   <ATOM ID='109' NAME='H13B' RESID='3' RESNAME='OLEO' COORDS='(21.042,31.752,-9.244)' ALTLOC='' CHAINID='L' ICODE='' SEGID='L1' B='0' Q='0' CHARGE='0' MASS='1' ATOMICNUMBER='-1' MASK='1'/>
   <ATOM ID='110' NAME='C14' RESID='3' RESNAME='OLEO' COORDS='(20.689,32.867,-7.318)' ALTLOC='' CHAINID='L' ICODE='' SEGID='L1' B='0' Q='0' CHARGE='0' MASS='1' ATOMICNUMBER='-1' MASK='1'/>
   <ATOM ID='111' NAME='H14A' RESID='3' RESNAME='OLEO' COORDS='(21.033,33.829,-7.753)' ALTLOC='' CHAINID='L' ICODE='' SEGID='L1' B='0' Q='0' CHARGE='0' MASS='1' ATOMICNUMBER='-1' MASK='1'/>
   <ATOM ID='112' NAME='H14B' RESID='3' RESNAME='OLEO' COORDS='(21.151,32.914,-6.309)' ALTLOC='' CHAINID='L' ICODE='' SEGID='L1' B='0' Q='0' CHARGE='0' MASS='1' ATOMICNUMBER='-1' MASK='1'/>
   <ATOM ID='113' NAME='C15' RESID='3' RESNAME='OLEO' COORDS='(19.198,32.857,-7.153)' ALTLOC='' CHAINID='L' ICODE='' SEGID='L1' B='0' Q='0' CHARGE='0' MASS='1' ATOMICNUMBER='-1' MASK='1'/>
   <ATOM ID='114' NAME='H15A' RESID='3' RESNAME='OLEO' COORDS='(18.829,32.156,-6.375)' ALTLOC='' CHAINID='L' ICODE='' SEGID='L1' B='0' Q='0' CHARGE='0' MASS='1' ATOMICNUMBER='-1' MASK='1'/>
   <ATOM ID='115' NAME='H15B' RESID='3' RESNAME='OLEO' COORDS='(18.703,32.659,-8.128)' ALTLOC='' CHAINID='L' ICODE='' SEGID='L1' B='0' Q='0' CHARGE='0' MASS='1' ATOMICNUMBER='-1' MASK='1'/>
   <ATOM ID='116' NAME='C16' RESID='3' RESNAME='OLEO' COORDS='(18.666,34.235,-6.676)' ALTLOC='' CHAINID='L' ICODE='' SEGID='L1' B='0' Q='0' CHARGE='0' MASS='1' ATOMICNUMBER='-1' MASK='1'/>
   <ATOM ID='117' NAME='H16A' RESID='3' RESNAME='OLEO' COORDS='(18.887,35.057,-7.39)' ALTLOC='' CHAINID='L' ICODE='' SEGID='L1' B='0' Q='0' CHARGE='0' MASS='1' ATOMICNUMBER='-1' MASK='1'/>
   <ATOM ID='118' NAME='H16B' RESID='3' RESNAME='OLEO' COORDS='(19.209,34.672,-5.811)' ALTLOC='' CHAINID='L' ICODE='' SEGID='L1' B='0' Q='0' CHARGE='0' MASS='1' ATOMICNUMBER='-1' MASK='1'/>
   <ATOM ID='119' NAME='C17' RESID='3' RESNAME='OLEO' COORDS='(17.17,34.143,-6.398)' ALTLOC='' CHAINID='L' ICODE='' SEGID='L1' B='0' Q='0' CHARGE='0' MASS='1' ATOMICNUMBER='-1' MASK='1'/>
   <ATOM ID='120' NAME='H17A' RESID='3' RESNAME='OLEO' COORDS='(16.864,33.45,-5.585)' ALTLOC='' CHAINID='L' ICODE='' SEGID='L1' B='0' Q='0' CHARGE='0' MASS='1' ATOMICNUMBER='-1' MASK='1'/>
   <ATOM ID='121' NAME='H17B' RESID='3' RESNAME='OLEO' COORDS='(16.583,33.758,-7.259)' ALTLOC='' CHAINID='L' ICODE='' SEGID='L1' B='0' Q='0' CHARGE='0' MASS='1' ATOMICNUMBER='-1' MASK='1'/>
   <ATOM ID='122' NAME='C18' RESID='3' RESNAME='OLEO' COORDS='(16.547,35.54,-6.141)' ALTLOC='' CHAINID='L' ICODE='' SEGID='L1' B='0' Q='0' CHARGE='0' MASS='1' ATOMICNUMBER='-1' MASK='1'/>
   <ATOM ID='123' NAME='H18A' RESID='3' RESNAME='OLEO' COORDS='(16.737,35.899,-5.107)' ALTLOC='' CHAINID='L' ICODE='' SEGID='L1' B='0' Q='0' CHARGE='0' MASS='1' ATOMICNUMBER='-1' MASK='1'/>
   <ATOM ID='124' NAME='H18B' RESID='3' RESNAME='OLEO' COORDS='(16.783,36.39,-6.817)' ALTLOC='' CHAINID='L' ICODE='' SEGID='L1' B='0' Q='0' CHARGE='0' MASS='1' ATOMICNUMBER='-1' MASK='1'/>
   <ATOM ID='125' NAME='H18C' RESID='3' RESNAME='OLEO' COORDS='(15.443,35.465,-6.041)' ALTLOC='' CHAINID='L' ICODE='' SEGID='L1' B='0' Q='0' CHARGE='0' MASS='1' ATOMICNUMBER='-1' MASK='1'/>
</GROUP>
