

-=-=-=-=-=-=-=- MACROCYCLE #0 -=-=-=-=-=-=-=-
**************************************************
Selected 28 atoms with selector 'name == 'CA''.
RMSD test = 1
Rotated rmsd = 36.3013
Aligned rmsd = 0.975447
[0.829865 -0.00333348 -0.557954 -0.816296;-0.00911085 0.999768 -0.019524 0.912026;0.557889 0.0212857 0.829642 -0.858013;0 0 0 1;];
*** Single Alignment Tests ***
All tests passed (threshold = 1e-06)
Total iterations = 4
WARNING - possible iterative failure at 159 with rmsd of 2.00005
WARNING - possible iterative failure at 280 with rmsd of 2.00902
*** There were 2 possible errors detected.
All composite iterative tests passed (threshold = 1e-06)
**************************************************
**************************************************
Selected 25 atoms with selector 'resid == 5'.
RMSD test = 1
Rotated rmsd = 22.0491
Aligned rmsd = 0.982821
[0.809957 0.0109384 -0.586388 -0.743293;-0.0177038 0.999826 -0.0058031 -0.627915;0.586222 0.0150816 0.81001 0.178563;0 0 0 1;];
*** Single Alignment Tests ***
All tests passed (threshold = 1e-06)
Total iterations = 6
WARNING - possible iterative failure at 49 with rmsd of 2.00732
*** There were 1 possible errors detected.
All composite iterative tests passed (threshold = 1e-06)
**************************************************
**************************************************
Selected 125 atoms with selector 'segid == 'L2''.
RMSD test = 1
Rotated rmsd = 17.3713
Aligned rmsd = 0.988222
[0.816016 0.00509634 -0.578006 -0.231732;-0.00831081 0.999961 -0.00291626 -0.342981;0.577969 0.00718342 0.816027 -0.134515;0 0 0 1;];
*** Single Alignment Tests ***
All tests passed (threshold = 1e-06)
Total iterations = 4
WARNING - possible iterative failure at 290 with rmsd of 2.00056
WARNING - possible iterative failure at 416 with rmsd of 2.00038
WARNING - possible iterative failure at 684 with rmsd of 2.00027
WARNING - possible iterative failure at 776 with rmsd of 2.0014
WARNING - possible iterative failure at 804 with rmsd of 2.00125
WARNING - possible iterative failure at 896 with rmsd of 2.00055
*** There were 6 possible errors detected.
All composite iterative tests passed (threshold = 1e-06)
**************************************************


-=-=-=-=-=-=-=- MACROCYCLE #1 -=-=-=-=-=-=-=-
**************************************************
Selected 28 atoms with selector 'name == 'CA''.
RMSD test = 1
Rotated rmsd = 36.3393
Aligned rmsd = 0.979355
[0.816127 -0.0128346 -0.57773 1.08596;0.00799538 0.999908 -0.010919 -0.222239;0.577818 0.0042921 0.816155 -0.409091;0 0 0 1;];
*** Single Alignment Tests ***
All tests passed (threshold = 1e-06)
Total iterations = 4
All tests passed (threshold = 0.01 : 2)
All composite iterative tests passed (threshold = 1e-06)
**************************************************
**************************************************
Selected 25 atoms with selector 'resid == 5'.
RMSD test = 1
Rotated rmsd = 22.3215
Aligned rmsd = 0.948189
[0.773359 0.0478944 -0.632157 -3.0518;-0.0332916 0.998834 0.0349474 -0.885428;0.633094 -0.00598136 0.774052 1.98979;0 0 0 1;];
*** Single Alignment Tests ***
All tests passed (threshold = 1e-06)
Total iterations = 6
WARNING - possible iterative failure at 237 with rmsd of 2.00157
*** There were 1 possible errors detected.
All composite iterative tests passed (threshold = 1e-06)
**************************************************
**************************************************
Selected 125 atoms with selector 'segid == 'L2''.
RMSD test = 1
Rotated rmsd = 17.3555
Aligned rmsd = 0.997971
[0.817856 -0.0113101 -0.575312 0.271393;0.00812371 0.999934 -0.00810927 0.197811;0.575366 0.00195855 0.817894 -0.0355369;0 0 0 1;];
*** Single Alignment Tests ***
All tests passed (threshold = 1e-06)
Total iterations = 4
WARNING - possible iterative failure at 119 with rmsd of 2.00136
WARNING - possible iterative failure at 337 with rmsd of 2.00373
WARNING - possible iterative failure at 581 with rmsd of 2.00096
WARNING - possible iterative failure at 676 with rmsd of 2.00002
WARNING - possible iterative failure at 677 with rmsd of 2.00089
WARNING - possible iterative failure at 691 with rmsd of 2.00206
WARNING - possible iterative failure at 723 with rmsd of 2.00052
*** There were 7 possible errors detected.
All composite iterative tests passed (threshold = 1e-06)
**************************************************


-=-=-=-=-=-=-=- MACROCYCLE #2 -=-=-=-=-=-=-=-
**************************************************
Selected 28 atoms with selector 'name == 'CA''.
RMSD test = 1
Rotated rmsd = 36.2115
Aligned rmsd = 0.979267
[0.816411 -0.00886837 -0.577404 0.885106;0.0152327 0.999865 0.0061811 -1.13565;0.577271 -0.0138418 0.816435 0.837822;0 0 0 1;];
*** Single Alignment Tests ***
All tests passed (threshold = 1e-06)
Total iterations = 4
All tests passed (threshold = 0.01 : 2)
All composite iterative tests passed (threshold = 1e-06)
**************************************************
**************************************************
Selected 25 atoms with selector 'resid == 5'.
RMSD test = 1
Rotated rmsd = 22.3784
Aligned rmsd = 0.949022
[0.835912 0.0702561 -0.544349 -0.747798;-0.031939 0.99632 0.0795434 -0.769868;0.547934 -0.0491053 0.835079 0.384109;0 0 0 1;];
*** Single Alignment Tests ***
All tests passed (threshold = 1e-06)
Total iterations = 6
WARNING - possible iterative failure at 28 with rmsd of 2.00307
WARNING - possible iterative failure at 483 with rmsd of 2.00464
WARNING - possible iterative failure at 491 with rmsd of 2.00661
WARNING - possible iterative failure at 600 with rmsd of 2.00064
WARNING - possible iterative failure at 703 with rmsd of 2.00268
WARNING - possible iterative failure at 821 with rmsd of 2.00095
*** There were 6 possible errors detected.
All composite iterative tests passed (threshold = 1e-06)
**************************************************
**************************************************
Selected 125 atoms with selector 'segid == 'L2''.
RMSD test = 1
Rotated rmsd = 17.3004
Aligned rmsd = 0.994363
[0.824525 -0.00479267 -0.565805 0.289809;0.00447157 0.999988 -0.00195419 0.0630819;0.565808 -0.000918763 0.824536 -0.153339;0 0 0 1;];
*** Single Alignment Tests ***
All tests passed (threshold = 1e-06)
Total iterations = 4
WARNING - possible iterative failure at 4 with rmsd of 2.00199
WARNING - possible iterative failure at 148 with rmsd of 2.00124
WARNING - possible iterative failure at 310 with rmsd of 2.00198
WARNING - possible iterative failure at 471 with rmsd of 2.00076
WARNING - possible iterative failure at 489 with rmsd of 2.00116
WARNING - possible iterative failure at 834 with rmsd of 2.00054
WARNING - possible iterative failure at 850 with rmsd of 2.00002
WARNING - possible iterative failure at 898 with rmsd of 2.00153
*** There were 8 possible errors detected.
All composite iterative tests passed (threshold = 1e-06)
**************************************************


-=-=-=-=-=-=-=- MACROCYCLE #3 -=-=-=-=-=-=-=-
**************************************************
Selected 28 atoms with selector 'name == 'CA''.
RMSD test = 1
Rotated rmsd = 36.2435
Aligned rmsd = 0.953744
[0.826399 -0.00892513 -0.563014 -0.0653625;-0.0208073 0.998707 -0.0463732 2.29056;0.562701 0.0500376 0.825145 -3.24716;0 0 0 1;];
*** Single Alignment Tests ***
All tests passed (threshold = 1e-06)
Total iterations = 4
WARNING - possible iterative failure at 370 with rmsd of 2.00008
*** There were 1 possible errors detected.
All composite iterative tests passed (threshold = 1e-06)
**************************************************
**************************************************
Selected 25 atoms with selector 'resid == 5'.
RMSD test = 1
Rotated rmsd = 22.1667
Aligned rmsd = 0.9819
[0.840057 0.0332238 -0.541481 0.111471;-0.0382095 0.999268 0.00203399 -1.45935;0.541152 0.018981 0.840711 -1.53685;0 0 0 1;];
*** Single Alignment Tests ***
All tests passed (threshold = 1e-06)
Total iterations = 6
WARNING - possible iterative failure at 228 with rmsd of 2.01266
WARNING - possible iterative failure at 774 with rmsd of 2.0063
WARNING - possible iterative failure at 842 with rmsd of 2.00158
*** There were 3 possible errors detected.
All composite iterative tests passed (threshold = 1e-06)
**************************************************
**************************************************
Selected 125 atoms with selector 'segid == 'L2''.
RMSD test = 1
Rotated rmsd = 17.256
Aligned rmsd = 0.991809
[0.817903 -0.014588 -0.575171 0.278167;0.00628017 0.999845 -0.0164285 0.103457;0.575322 0.00982477 0.817868 -0.185224;0 0 0 1;];
*** Single Alignment Tests ***
All tests passed (threshold = 1e-06)
Total iterations = 4
WARNING - possible iterative failure at 263 with rmsd of 2.00077
WARNING - possible iterative failure at 412 with rmsd of 2.0015
WARNING - possible iterative failure at 446 with rmsd of 2.0038
WARNING - possible iterative failure at 786 with rmsd of 2.00096
WARNING - possible iterative failure at 883 with rmsd of 2.00024
*** There were 5 possible errors detected.
All composite iterative tests passed (threshold = 1e-06)
**************************************************


-=-=-=-=-=-=-=- MACROCYCLE #4 -=-=-=-=-=-=-=-
**************************************************
Selected 28 atoms with selector 'name == 'CA''.
RMSD test = 1
Rotated rmsd = 36.329
Aligned rmsd = 0.943436
[0.818476 -0.017062 -0.574288 1.17034;0.0345878 0.999209 0.0196082 -2.45155;0.573499 -0.0359122 0.818419 2.70253;0 0 0 1;];
*** Single Alignment Tests ***
All tests passed (threshold = 1e-06)
Total iterations = 4
WARNING - possible iterative failure at 674 with rmsd of 2.00229
WARNING - possible iterative failure at 979 with rmsd of 2.00247
WARNING - possible iterative failure at 996 with rmsd of 2.00639
*** There were 3 possible errors detected.
All composite iterative tests passed (threshold = 1e-06)
**************************************************
**************************************************
Selected 25 atoms with selector 'resid == 5'.
RMSD test = 1
Rotated rmsd = 22.0823
Aligned rmsd = 0.987444
[0.828393 0.0419179 -0.558577 -0.702659;-0.0102908 0.998167 0.0596447 -0.0850405;0.560053 -0.0436611 0.827305 0.703891;0 0 0 1;];
*** Single Alignment Tests ***
All tests passed (threshold = 1e-06)
Total iterations = 6
WARNING - possible iterative failure at 382 with rmsd of 2.00671
WARNING - possible iterative failure at 694 with rmsd of 2.00275
*** There were 2 possible errors detected.
All composite iterative tests passed (threshold = 1e-06)
**************************************************
**************************************************
Selected 125 atoms with selector 'segid == 'L2''.
RMSD test = 1
Rotated rmsd = 17.4037
Aligned rmsd = 0.982243
[0.816913 0.00954453 -0.576681 -0.196444;-0.00263654 0.999914 0.0128145 0.047971;0.576754 -0.0089479 0.816869 0.377722;0 0 0 1;];
*** Single Alignment Tests ***
All tests passed (threshold = 1e-06)
Total iterations = 4
WARNING - possible iterative failure at 503 with rmsd of 2.00117
WARNING - possible iterative failure at 526 with rmsd of 2.00022
WARNING - possible iterative failure at 734 with rmsd of 2.00019
WARNING - possible iterative failure at 752 with rmsd of 2.00019
*** There were 4 possible errors detected.
All composite iterative tests passed (threshold = 1e-06)
**************************************************
