

-=-=-=-=-=-=-=- MACROCYCLE #0 -=-=-=-=-=-=-=-
**************************************************
Selected 28 atoms with selector 'name == 'CA''.
RMSD test = 1
Rotated rmsd = 36.578
Aligned rmsd = 0.387488
[0.815839 0.0132152 -0.578128 -1.14391;-0.00962541 0.999911 0.00927343 -0.189822;0.578199 -0.0020009 0.815893 -0.617105;0 0 0 1;];
*** Single Alignment Tests ***
All tests passed (threshold = 1e-06)
Total iterations = 3
All tests passed (threshold = 0.01 : 2)
All composite iterative tests passed (threshold = 1e-06)
**************************************************
**************************************************
Selected 0 atoms with selector 'resid == 5 && segid == 'PE1''.
RMSD test = nan
Rotated rmsd = nan
Aligned rmsd = nan
[nan nan nan nan;nan nan nan nan;nan nan nan nan;nan nan nan nan;];
*** Single Alignment Tests ***
All tests passed (threshold = 1e-06)
Total iterations = 1
All tests passed (threshold = 0.01 : 2)
All composite iterative tests passed (threshold = 1e-06)
**************************************************
**************************************************
Selected 0 atoms with selector 'segid == 'PE3''.
RMSD test = nan
Rotated rmsd = nan
Aligned rmsd = nan
[nan nan nan nan;nan nan nan nan;nan nan nan nan;nan nan nan nan;];
*** Single Alignment Tests ***
All tests passed (threshold = 1e-06)
Total iterations = 1
All tests passed (threshold = 0.01 : 2)
All composite iterative tests passed (threshold = 1e-06)
**************************************************


-=-=-=-=-=-=-=- MACROCYCLE #1 -=-=-=-=-=-=-=-
**************************************************
Selected 28 atoms with selector 'name == 'CA''.
RMSD test = 1
Rotated rmsd = 36.623
Aligned rmsd = 0.428256
[0.814035 -0.00700546 -0.580773 0.453634;0.00797037 0.999968 -0.00089031 -0.94601;0.580761 -0.00390423 0.814065 -0.48844;0 0 0 1;];
*** Single Alignment Tests ***
All tests passed (threshold = 1e-06)
Total iterations = 3
All tests passed (threshold = 0.01 : 2)
All composite iterative tests passed (threshold = 1e-06)
**************************************************
**************************************************
Selected 0 atoms with selector 'resid == 5 && segid == 'PE1''.
RMSD test = nan
Rotated rmsd = nan
Aligned rmsd = nan
[nan nan nan nan;nan nan nan nan;nan nan nan nan;nan nan nan nan;];
*** Single Alignment Tests ***
All tests passed (threshold = 1e-06)
Total iterations = 1
All tests passed (threshold = 0.01 : 2)
All composite iterative tests passed (threshold = 1e-06)
**************************************************
**************************************************
Selected 0 atoms with selector 'segid == 'PE3''.
RMSD test = nan
Rotated rmsd = nan
Aligned rmsd = nan
[nan nan nan nan;nan nan nan nan;nan nan nan nan;nan nan nan nan;];
*** Single Alignment Tests ***
All tests passed (threshold = 1e-06)
Total iterations = 1
All tests passed (threshold = 0.01 : 2)
All composite iterative tests passed (threshold = 1e-06)
**************************************************


-=-=-=-=-=-=-=- MACROCYCLE #2 -=-=-=-=-=-=-=-
**************************************************
Selected 28 atoms with selector 'name == 'CA''.
RMSD test = 1
Rotated rmsd = 36.663
Aligned rmsd = 0.40132
[0.818014 -0.00861337 -0.575133 0.159964;0.0129108 0.999911 0.00338817 -1.3268;0.575053 -0.010197 0.818053 0.209386;0 0 0 1;];
*** Single Alignment Tests ***
All tests passed (threshold = 1e-06)
Total iterations = 3
All tests passed (threshold = 0.01 : 2)
All composite iterative tests passed (threshold = 1e-06)
**************************************************
**************************************************
Selected 0 atoms with selector 'resid == 5 && segid == 'PE1''.
RMSD test = nan
Rotated rmsd = nan
Aligned rmsd = nan
[nan nan nan nan;nan nan nan nan;nan nan nan nan;nan nan nan nan;];
*** Single Alignment Tests ***
All tests passed (threshold = 1e-06)
Total iterations = 1
All tests passed (threshold = 0.01 : 2)
All composite iterative tests passed (threshold = 1e-06)
**************************************************
**************************************************
Selected 0 atoms with selector 'segid == 'PE3''.
RMSD test = nan
Rotated rmsd = nan
Aligned rmsd = nan
[nan nan nan nan;nan nan nan nan;nan nan nan nan;nan nan nan nan;];
*** Single Alignment Tests ***
All tests passed (threshold = 1e-06)
Total iterations = 1
All tests passed (threshold = 0.01 : 2)
All composite iterative tests passed (threshold = 1e-06)
**************************************************


-=-=-=-=-=-=-=- MACROCYCLE #3 -=-=-=-=-=-=-=-
**************************************************
Selected 28 atoms with selector 'name == 'CA''.
RMSD test = 1
Rotated rmsd = 36.5734
Aligned rmsd = 0.383284
[0.829187 0.00221896 -0.558967 -1.56264;-0.0179656 0.999581 -0.0226825 0.976063;0.558683 0.0288502 0.828879 -1.98054;0 0 0 1;];
*** Single Alignment Tests ***
All tests passed (threshold = 1e-06)
Total iterations = 3
All tests passed (threshold = 0.01 : 2)
All composite iterative tests passed (threshold = 1e-06)
**************************************************
**************************************************
Selected 0 atoms with selector 'resid == 5 && segid == 'PE1''.
RMSD test = nan
Rotated rmsd = nan
Aligned rmsd = nan
[nan nan nan nan;nan nan nan nan;nan nan nan nan;nan nan nan nan;];
*** Single Alignment Tests ***
All tests passed (threshold = 1e-06)
Total iterations = 1
All tests passed (threshold = 0.01 : 2)
All composite iterative tests passed (threshold = 1e-06)
**************************************************
**************************************************
Selected 0 atoms with selector 'segid == 'PE3''.
RMSD test = nan
Rotated rmsd = nan
Aligned rmsd = nan
[nan nan nan nan;nan nan nan nan;nan nan nan nan;nan nan nan nan;];
*** Single Alignment Tests ***
All tests passed (threshold = 1e-06)
Total iterations = 1
All tests passed (threshold = 0.01 : 2)
All composite iterative tests passed (threshold = 1e-06)
**************************************************


-=-=-=-=-=-=-=- MACROCYCLE #4 -=-=-=-=-=-=-=-
**************************************************
Selected 28 atoms with selector 'name == 'CA''.
RMSD test = 1
Rotated rmsd = 36.6105
Aligned rmsd = 0.432885
[0.820233 0.00287108 -0.572022 -0.825699;-0.00729285 0.999959 -0.00543838 0.0420149;0.571983 0.00863241 0.82022 -1.09972;0 0 0 1;];
*** Single Alignment Tests ***
All tests passed (threshold = 1e-06)
Total iterations = 3
All tests passed (threshold = 0.01 : 2)
All composite iterative tests passed (threshold = 1e-06)
**************************************************
**************************************************
Selected 0 atoms with selector 'resid == 5 && segid == 'PE1''.
RMSD test = nan
Rotated rmsd = nan
Aligned rmsd = nan
[nan nan nan nan;nan nan nan nan;nan nan nan nan;nan nan nan nan;];
*** Single Alignment Tests ***
All tests passed (threshold = 1e-06)
Total iterations = 1
All tests passed (threshold = 0.01 : 2)
All composite iterative tests passed (threshold = 1e-06)
**************************************************
**************************************************
Selected 0 atoms with selector 'segid == 'PE3''.
RMSD test = nan
Rotated rmsd = nan
Aligned rmsd = nan
[nan nan nan nan;nan nan nan nan;nan nan nan nan;nan nan nan nan;];
*** Single Alignment Tests ***
All tests passed (threshold = 1e-06)
Total iterations = 1
All tests passed (threshold = 0.01 : 2)
All composite iterative tests passed (threshold = 1e-06)
**************************************************
