
--------------------------------------
Parsing 'name == 'CA''
Commands:
pushAtomName
pushString(<VALUE TYPE='STRING'>CA</VALUE>)
==


Selected 28 @ (29.5157,71.1618,51.4522) & (12.069,63.203,42.07) x (43.116,78.268,56.835)

--------------------------------------
Parsing 'resid =~ '1\d+''
Expected exception caught.

--------------------------------------
Parsing '!(name == 'CA')'
Commands:
pushAtomName
pushString(<VALUE TYPE='STRING'>CA</VALUE>)
==
!


Selected 497 @ (13.3716,43.8001,13.9885) & (-30.599,-33.181,-38.314) x (46.108,82.251,60.197)

--------------------------------------
Parsing '!(name == 'CA''
Expected exception caught.

--------------------------------------
Parsing 'hydrogen'
Commands:
Hydrogen


Selected 182 @ (2.11614,24.7385,-11.0071) & (-30.599,-33.181,-38.314) x (33.505,39.06,41.025)

--------------------------------------
Parsing '!hydrogen'
Commands:
Hydrogen
!


Selected 343 @ (20.6618,56.148,30.3097) & (-30.118,-32.397,-38.105) x (46.108,82.251,60.197)

--------------------------------------
Parsing 'resname == 'TIP3' && !hydrogen'
Commands:
pushAtomResname
pushString(<VALUE TYPE='STRING'>TIP3</VALUE>)
==
Hydrogen
!
&&


Selected 15 @ (1.208,-2.20973,5.77073) & (-30.118,-32.397,-38.105) x (32.577,36.303,41.516)

--------------------------------------
Parsing 'segid == 'BULK' && !(name =~ '^H')'
Commands:
pushAtomSegid
pushString(<VALUE TYPE='STRING'>BULK</VALUE>)
==
pushAtomName
matchRegex(^H)
!
&&


***ERROR***  Bad selection syntax - syntax error
***ERROR***  Bad selection syntax - syntax error
