Read in 48970 atoms.
minId = 1
maxId = 48970
minResid = 1
maxResid = 1
nresids = 8690
nchains = 203
Bounding box: min = (-44.642,-47.604,-44.924), max = (49.651,45.105,44.935)
Centroid = (0.094641,0.361833,-0.0309396)
Radius = 67.394
Found 80 CAs
RMSD test = 5
Found 203 unique segids.
	0	24000	(0.225263,-0.533846,0.0697156)
	1	15	(-4.99707,-10.2627,-1.0496)
	2	35	(-1.9256,1.78306,-6.5456)
	3	115	(6.88186,-9.7919,19.5901)
	4	115	(-22.6003,29.6984,12.3944)
	5	115	(11.3995,3.07919,19.381)
	6	115	(-1.22078,-14.8278,19.1731)
	7	115	(-21.6924,10.1196,20.3528)
	8	115	(-33.8509,35.0684,17.9647)
	9	115	(13.9608,-13.0312,16.9374)
...truncated...
* First 3 cas *
<GROUP>
   <ATOM ID='22671' NAME='CA' RESID='2' RESNAME='LYS' COORDS='(20.576,3.573,-19.97)' ALTLOC='' CHAINID='P' ICODE='' SEGID='PE1' B='0' Q='0' CHARGE='0' MASS='1'/>
   <ATOM ID='22693' NAME='CA' RESID='3' RESNAME='ALA' COORDS='(18.837,3.1,-23.324)' ALTLOC='' CHAINID='P' ICODE='' SEGID='PE1' B='0' Q='0' CHARGE='0' MASS='1'/>
   <ATOM ID='22703' NAME='CA' RESID='4' RESNAME='DALA' COORDS='(20.791,3.013,-26.628)' ALTLOC='' CHAINID='P' ICODE='' SEGID='PE1' B='0' Q='0' CHARGE='0' MASS='1'/>
</GROUP>
* Last 3 cas *
<GROUP>
   <ATOM ID='24783' NAME='CA' RESID='5' RESNAME='LYS' COORDS='(-21.63,28.691,21.485)' ALTLOC='' CHAINID='P' ICODE='' SEGID='PE19' B='0' Q='0' CHARGE='0' MASS='1'/>
   <ATOM ID='24856' NAME='CA' RESID='2' RESNAME='LYS' COORDS='(6.444,-9.486,20.944)' ALTLOC='' CHAINID='P' ICODE='' SEGID='PE20' B='0' Q='0' CHARGE='0' MASS='1'/>
   <ATOM ID='24878' NAME='CA' RESID='3' RESNAME='ALA' COORDS='(8.197,-10.561,24.218)' ALTLOC='' CHAINID='P' ICODE='' SEGID='PE20' B='0' Q='0' CHARGE='0' MASS='1'/>
</GROUP>
Found 17910 non-hydrogen atoms via parser.
Found 17910 non-hydrogen atoms via HeavyAtomSelector.
Residue for third CA:
<GROUP>
   <ATOM ID='22703' NAME='CA' RESID='4' RESNAME='DALA' COORDS='(20.791,3.013,-26.628)' ALTLOC='' CHAINID='P' ICODE='' SEGID='PE1' B='0' Q='0' CHARGE='0' MASS='1'/>
   <ATOM ID='22702' NAME='HN' RESID='4' RESNAME='DALA' COORDS='(19.588,1.75,-25.443)' ALTLOC='' CHAINID='P' ICODE='' SEGID='PE1' B='0' Q='0' CHARGE='0' MASS='1'/>
   <ATOM ID='22701' NAME='N' RESID='4' RESNAME='DALA' COORDS='(19.99,2.662,-25.436)' ALTLOC='' CHAINID='P' ICODE='' SEGID='PE1' B='0' Q='0' CHARGE='0' MASS='1'/>
   <ATOM ID='22704' NAME='HA' RESID='4' RESNAME='DALA' COORDS='(20.254,3.853,-27.043)' ALTLOC='' CHAINID='P' ICODE='' SEGID='PE1' B='0' Q='0' CHARGE='0' MASS='1'/>
   <ATOM ID='22705' NAME='CB' RESID='4' RESNAME='DALA' COORDS='(20.674,1.795,-27.57)' ALTLOC='' CHAINID='P' ICODE='' SEGID='PE1' B='0' Q='0' CHARGE='0' MASS='1'/>
   <ATOM ID='22706' NAME='HB1' RESID='4' RESNAME='DALA' COORDS='(19.62,1.742,-27.918)' ALTLOC='' CHAINID='P' ICODE='' SEGID='PE1' B='0' Q='0' CHARGE='0' MASS='1'/>
   <ATOM ID='22707' NAME='HB2' RESID='4' RESNAME='DALA' COORDS='(20.927,0.881,-26.992)' ALTLOC='' CHAINID='P' ICODE='' SEGID='PE1' B='0' Q='0' CHARGE='0' MASS='1'/>
   <ATOM ID='22708' NAME='HB3' RESID='4' RESNAME='DALA' COORDS='(21.233,1.886,-28.526)' ALTLOC='' CHAINID='P' ICODE='' SEGID='PE1' B='0' Q='0' CHARGE='0' MASS='1'/>
   <ATOM ID='22709' NAME='C' RESID='4' RESNAME='DALA' COORDS='(22.198,3.419,-26.2)' ALTLOC='' CHAINID='P' ICODE='' SEGID='PE1' B='0' Q='0' CHARGE='0' MASS='1'/>
   <ATOM ID='22710' NAME='O' RESID='4' RESNAME='DALA' COORDS='(22.917,2.653,-25.562)' ALTLOC='' CHAINID='P' ICODE='' SEGID='PE1' B='0' Q='0' CHARGE='0' MASS='1'/>
</GROUP>
* Transformation test:
Pre: (20.576,3.573,-19.97)
Post: (2.14421,10.1877,-26.9546)
Testing findById()...passed
Testing selections...
Total input size = 48970
CASelector = 80 @ (-1.35495,4.47205,-0.286438)
BackboneSelector = 440 @ (-0.769511,3.31318,-0.183098)
SegidSelector(BULK) = 24000 @ (0.225263,-0.533846,0.0697156)
ResidRangeSelector(10,20) = 50 @ (-4.66336,-0.55078,10.8954)
HyrdogenSelector = 31060 @ (0.119252,0.314149,-0.0202868)
HeavyAtomSelector = 17910 @ (0.0519606,0.444526,-0.0494141)
SolventSelector = 24000 @ (0.225263,-0.533846,0.0697156)
NotSelector(SolventSelector) = 24970 @ (-0.0309071,1.22272,-0.127685)
