Read in 525 atoms.
minId = 1
maxId = 525
minResid = 1
maxResid = 49
nresids = 49
nsegids = 4
Bounding box: min = (-30.599,-33.181,-38.314), max = (46.108,82.251,60.197)
Centroid = (14.2326,45.2594,15.9866)
Radius = 94.1057
Found 28 CAs
RMSD test = 5
Found 4 unique segids.
	0	125	(26.9584,33.5298,-13.6159)
	1	125	(-22.3418,26.4118,-16.5051)
	2	230	(29.7457,71.1713,51.7357)
	3	45	(1.19011,-2.242,5.75204)
* First 3 cas *
<GROUP>
   <ATOM ID='258' NAME='CA' RESID='7' RESNAME='ASN' COORDS='(12.069,65.053,47.927)' ALTLOC='' CHAINID='A' ICODE='' SEGID='A' B='61.31' Q='1' CHARGE='0' MASS='1' ATOMICNUMBER='-1' MASK='1'/>
   <ATOM ID='260' NAME='CA' RESID='8' RESNAME='THR' COORDS='(12.55,65.562,51.672)' ALTLOC='' CHAINID='A' ICODE='' SEGID='A' B='56.21' Q='1' CHARGE='0' MASS='1' ATOMICNUMBER='-1' MASK='1'/>
   <ATOM ID='267' NAME='CA' RESID='9' RESNAME='ASP' COORDS='(15.497,63.203,52.011)' ALTLOC='' CHAINID='A' ICODE='' SEGID='A' B='49.22' Q='1' CHARGE='0' MASS='1' ATOMICNUMBER='-1' MASK='1'/>
</GROUP>
* Last 3 cas *
<GROUP>
   <ATOM ID='444' NAME='CA' RESID='30' RESNAME='MET' COORDS='(38.311,72.361,47.986)' ALTLOC='' CHAINID='A' ICODE='' SEGID='A' B='26.15' Q='1' CHARGE='0' MASS='1' ATOMICNUMBER='-1' MASK='1'/>
   <ATOM ID='452' NAME='CA' RESID='31' RESNAME='GLU' COORDS='(39.624,75.427,46.157)' ALTLOC='' CHAINID='A' ICODE='' SEGID='A' B='30.15' Q='1' CHARGE='0' MASS='1' ATOMICNUMBER='-1' MASK='1'/>
   <ATOM ID='461' NAME='CA' RESID='32' RESNAME='LEU' COORDS='(43.116,73.915,45.968)' ALTLOC='' CHAINID='A' ICODE='' SEGID='A' B='29.63' Q='1' CHARGE='0' MASS='1' ATOMICNUMBER='-1' MASK='1'/>
</GROUP>
