<area shape="rect" href="$classloos_1_1internal_1_1_action.html" title="Base class for all commands..." alt="" coords="7,651,153,685">
<area shape="rect" href="$classloos_1_1internal_1_1drop.html" title="Drop the top item from the stack." alt="" coords="255,5,391,40">
<area shape="rect" href="$classloos_1_1internal_1_1dup.html" title="Duplicate the top item on the stack." alt="" coords="257,64,388,99">
<area shape="rect" href="$classloos_1_1internal_1_1equals.html" title="Test for equality: ARG1 ARG ==." alt="" coords="248,123,397,157">
<area shape="rect" href="$classloos_1_1internal_1_1extract_number.html" title="Extracts a number for a string on the stack using a regular expression: ARG1 regexp(S)..." alt="" coords="224,181,421,216">
<area shape="rect" href="$classloos_1_1internal_1_1greater_than.html" title="ARG1 ARG2 &gt;." alt="" coords="231,240,415,275">
<area shape="rect" href="$classloos_1_1internal_1_1greater_than_equals.html" title="ARG1 ARG2 &gt;=." alt="" coords="209,299,436,333">
<area shape="rect" href="$classloos_1_1internal_1_1_hydrogen.html" title="Shortcut for checking for hydrogens..." alt="" coords="239,357,407,392">
<area shape="rect" href="$classloos_1_1internal_1_1less_than.html" title="Relation operators...: ARG1 ARG2 &lt;." alt="" coords="239,416,407,451">
<area shape="rect" href="$classloos_1_1internal_1_1less_than_equals.html" title="ARG1 ARG2 &lt;=." alt="" coords="217,475,428,509">
<area shape="rect" href="$classloos_1_1internal_1_1logical_and.html" title="ARG1 ARG2 &amp;&amp;." alt="" coords="236,533,409,568">
<area shape="rect" href="$classloos_1_1internal_1_1logical_not.html" title="ARG1 !" alt="" coords="237,592,408,627">
<area shape="rect" href="$classloos_1_1internal_1_1logical_or.html" title="ARG1 ARG2 ||." alt="" coords="241,651,404,685">
<area shape="rect" href="$classloos_1_1internal_1_1logical_true.html" title="Always returns true..." alt="" coords="235,709,411,744">
<area shape="rect" href="$classloos_1_1internal_1_1match_regex.html" title="Regular expression matching: ARG1 regexp(S)." alt="" coords="231,768,415,803">
<area shape="rect" href="$classloos_1_1internal_1_1match_string_as_regex.html" title="Regular expression matching: ARG1 regexp(ARG2)." alt="" coords="203,827,443,861">
<area shape="rect" href="$classloos_1_1internal_1_1push_atom_id.html" title="Push atom id onto the stack." alt="" coords="231,885,415,920">
<area shape="rect" href="$classloos_1_1internal_1_1push_atom_name.html" title="Push atom name onto the stack." alt="" coords="219,944,427,979">
<area shape="rect" href="$classloos_1_1internal_1_1push_atom_resid.html" title="Push atom&#39;s residue id onto the stack." alt="" coords="219,1003,427,1037">
<area shape="rect" href="$classloos_1_1internal_1_1push_atom_resname.html" title="Push atom&#39;ss residue name onto the stack." alt="" coords="208,1061,437,1096">
<area shape="rect" href="$classloos_1_1internal_1_1push_atom_segid.html" title="Push atom&#39;s segid onto the stack." alt="" coords="220,1120,425,1155">
<area shape="rect" href="$classloos_1_1internal_1_1push_float.html" title="Push a float onto the data stack." alt="" coords="239,1179,407,1213">
<area shape="rect" href="$classloos_1_1internal_1_1push_int.html" title="Push an integer onto the data stack." alt="" coords="245,1237,400,1272">
<area shape="rect" href="$classloos_1_1internal_1_1push_string.html" title="Push a std::string onto the data stack." alt="" coords="235,1296,411,1331">
